Archive member included to satisfy reference by file (symbol)

/home/hunlu/riscv64-unknown-elf-gcc-8.3.0-2019.08.0-x86_64-linux-ubuntu14/bin/../lib/gcc/riscv64-unknown-elf/8.3.0/../../../../riscv64-unknown-elf/lib/rv32imac/ilp32/libc_nano.a(lib_a-memset.o)
                              /tmp/cck4f70Q.o (memset)
/home/hunlu/riscv64-unknown-elf-gcc-8.3.0-2019.08.0-x86_64-linux-ubuntu14/bin/../lib/gcc/riscv64-unknown-elf/8.3.0/../../../../riscv64-unknown-elf/lib/rv32imac/ilp32/libc_nano.a(lib_a-printf.o)
                              /tmp/cck4f70Q.o (printf)
/home/hunlu/riscv64-unknown-elf-gcc-8.3.0-2019.08.0-x86_64-linux-ubuntu14/bin/../lib/gcc/riscv64-unknown-elf/8.3.0/../../../../riscv64-unknown-elf/lib/rv32imac/ilp32/libc_nano.a(lib_a-putchar.o)
                              /tmp/cck4f70Q.o (putchar)
/home/hunlu/riscv64-unknown-elf-gcc-8.3.0-2019.08.0-x86_64-linux-ubuntu14/bin/../lib/gcc/riscv64-unknown-elf/8.3.0/../../../../riscv64-unknown-elf/lib/rv32imac/ilp32/libc_nano.a(lib_a-putc.o)
                              /home/hunlu/riscv64-unknown-elf-gcc-8.3.0-2019.08.0-x86_64-linux-ubuntu14/bin/../lib/gcc/riscv64-unknown-elf/8.3.0/../../../../riscv64-unknown-elf/lib/rv32imac/ilp32/libc_nano.a(lib_a-putchar.o) (_putc_r)
/home/hunlu/riscv64-unknown-elf-gcc-8.3.0-2019.08.0-x86_64-linux-ubuntu14/bin/../lib/gcc/riscv64-unknown-elf/8.3.0/../../../../riscv64-unknown-elf/lib/rv32imac/ilp32/libc_nano.a(lib_a-puts.o)
                              /tmp/cck4f70Q.o (puts)
/home/hunlu/riscv64-unknown-elf-gcc-8.3.0-2019.08.0-x86_64-linux-ubuntu14/bin/../lib/gcc/riscv64-unknown-elf/8.3.0/../../../../riscv64-unknown-elf/lib/rv32imac/ilp32/libc_nano.a(lib_a-wbuf.o)
                              /home/hunlu/riscv64-unknown-elf-gcc-8.3.0-2019.08.0-x86_64-linux-ubuntu14/bin/../lib/gcc/riscv64-unknown-elf/8.3.0/../../../../riscv64-unknown-elf/lib/rv32imac/ilp32/libc_nano.a(lib_a-putc.o) (__swbuf_r)
/home/hunlu/riscv64-unknown-elf-gcc-8.3.0-2019.08.0-x86_64-linux-ubuntu14/bin/../lib/gcc/riscv64-unknown-elf/8.3.0/../../../../riscv64-unknown-elf/lib/rv32imac/ilp32/libc_nano.a(lib_a-wsetup.o)
                              /home/hunlu/riscv64-unknown-elf-gcc-8.3.0-2019.08.0-x86_64-linux-ubuntu14/bin/../lib/gcc/riscv64-unknown-elf/8.3.0/../../../../riscv64-unknown-elf/lib/rv32imac/ilp32/libc_nano.a(lib_a-puts.o) (__swsetup_r)
/home/hunlu/riscv64-unknown-elf-gcc-8.3.0-2019.08.0-x86_64-linux-ubuntu14/bin/../lib/gcc/riscv64-unknown-elf/8.3.0/../../../../riscv64-unknown-elf/lib/rv32imac/ilp32/libc_nano.a(lib_a-fflush.o)
                              /home/hunlu/riscv64-unknown-elf-gcc-8.3.0-2019.08.0-x86_64-linux-ubuntu14/bin/../lib/gcc/riscv64-unknown-elf/8.3.0/../../../../riscv64-unknown-elf/lib/rv32imac/ilp32/libc_nano.a(lib_a-wbuf.o) (_fflush_r)
/home/hunlu/riscv64-unknown-elf-gcc-8.3.0-2019.08.0-x86_64-linux-ubuntu14/bin/../lib/gcc/riscv64-unknown-elf/8.3.0/../../../../riscv64-unknown-elf/lib/rv32imac/ilp32/libc_nano.a(lib_a-findfp.o)
                              /home/hunlu/riscv64-unknown-elf-gcc-8.3.0-2019.08.0-x86_64-linux-ubuntu14/bin/../lib/gcc/riscv64-unknown-elf/8.3.0/../../../../riscv64-unknown-elf/lib/rv32imac/ilp32/libc_nano.a(lib_a-printf.o) (__sinit)
/home/hunlu/riscv64-unknown-elf-gcc-8.3.0-2019.08.0-x86_64-linux-ubuntu14/bin/../lib/gcc/riscv64-unknown-elf/8.3.0/../../../../riscv64-unknown-elf/lib/rv32imac/ilp32/libc_nano.a(lib_a-fwalk.o)
                              /home/hunlu/riscv64-unknown-elf-gcc-8.3.0-2019.08.0-x86_64-linux-ubuntu14/bin/../lib/gcc/riscv64-unknown-elf/8.3.0/../../../../riscv64-unknown-elf/lib/rv32imac/ilp32/libc_nano.a(lib_a-findfp.o) (_fwalk)
/home/hunlu/riscv64-unknown-elf-gcc-8.3.0-2019.08.0-x86_64-linux-ubuntu14/bin/../lib/gcc/riscv64-unknown-elf/8.3.0/../../../../riscv64-unknown-elf/lib/rv32imac/ilp32/libc_nano.a(lib_a-impure.o)
                              /home/hunlu/riscv64-unknown-elf-gcc-8.3.0-2019.08.0-x86_64-linux-ubuntu14/bin/../lib/gcc/riscv64-unknown-elf/8.3.0/../../../../riscv64-unknown-elf/lib/rv32imac/ilp32/libc_nano.a(lib_a-fflush.o) (_global_impure_ptr)
/home/hunlu/riscv64-unknown-elf-gcc-8.3.0-2019.08.0-x86_64-linux-ubuntu14/bin/../lib/gcc/riscv64-unknown-elf/8.3.0/../../../../riscv64-unknown-elf/lib/rv32imac/ilp32/libc_nano.a(lib_a-makebuf.o)
                              /home/hunlu/riscv64-unknown-elf-gcc-8.3.0-2019.08.0-x86_64-linux-ubuntu14/bin/../lib/gcc/riscv64-unknown-elf/8.3.0/../../../../riscv64-unknown-elf/lib/rv32imac/ilp32/libc_nano.a(lib_a-wsetup.o) (__smakebuf_r)
/home/hunlu/riscv64-unknown-elf-gcc-8.3.0-2019.08.0-x86_64-linux-ubuntu14/bin/../lib/gcc/riscv64-unknown-elf/8.3.0/../../../../riscv64-unknown-elf/lib/rv32imac/ilp32/libc_nano.a(lib_a-nano-freer.o)
                              /home/hunlu/riscv64-unknown-elf-gcc-8.3.0-2019.08.0-x86_64-linux-ubuntu14/bin/../lib/gcc/riscv64-unknown-elf/8.3.0/../../../../riscv64-unknown-elf/lib/rv32imac/ilp32/libc_nano.a(lib_a-wsetup.o) (_free_r)
[...]
Memory Configuration

Name             Origin             Length             Attributes
flash            0x0000000020400000 0x000000001fc00000 axrl !w
ram              0x0000000080000000 0x0000000000004000 axw !rl
*default*        0x0000000000000000 0xffffffffffffffff

Linker script and memory map

                0x0000000000002800                __stack_size = 0x2800
LOAD /tmp/cck4f70Q.o
START GROUP
LOAD /home/hunlu/riscv64-unknown-elf-gcc-8.3.0-2019.08.0-x86_64-linux-ubuntu14/bin/../lib/gcc/riscv64-unknown-elf/8.3.0/../../../../riscv64-unknown-elf/lib/rv32imac/ilp32/libc_nano.a
LOAD /home/hunlu/riscv64-unknown-elf-gcc-8.3.0-2019.08.0-x86_64-linux-ubuntu14/bin/../lib/gcc/riscv64-unknown-elf/8.3.0/rv32imac/ilp32/libgcc.a
LOAD /home/hunlu/riscv64-unknown-elf-gcc-8.3.0-2019.08.0-x86_64-linux-ubuntu14/bin/../lib/gcc/riscv64-unknown-elf/8.3.0/../../../../riscv64-unknown-elf/lib/rv32imac/ilp32/libm.a
LOAD /home/hunlu/workspace/freedom-e-sdk/bsp/sifive-hifive1/install/lib/debug//libmetal.a
LOAD /home/hunlu/workspace/freedom-e-sdk/bsp/sifive-hifive1/install/lib/debug//libmetal-gloss.a
END GROUP
                0x0000000000002800                __stack_size = DEFINED (__stack_size)?__stack_size:0x400
                [!provide]                        PROVIDE (__stack_size = __stack_size)
                0x0000000000000800                __heap_size = DEFINED (__heap_size)?__heap_size:0x800
                0x0000000000000000                PROVIDE (__metal_boot_hart = 0x0)
                0x0000000000000000                PROVIDE (__metal_chicken_bit = 0x0)

.init           0x0000000020400000      0x19e
 *(.text.metal.init.enter)
 .text.metal.init.enter
                0x0000000020400000       0x60 /home/hunlu/workspace/freedom-e-sdk/bsp/sifive-hifive1/install/lib/debug//libmetal.a(libriscv__mmachine__sifive-hifive1_a-entry.o)
                0x0000000020400000                _enter
 *(.text.metal.init.*)
 *fill*         0x0000000020400060        0x0 
 .text.metal.init.trapvec
                0x0000000020400060        0xe /home/hunlu/workspace/freedom-e-sdk/bsp/sifive-hifive1/install/lib/debug//libmetal.a(libriscv__mmachine__sifive-hifive1_a-entry.o)
 .text.metal.init.__register_frame_info
                0x000000002040006e        0x2 /home/hunlu/workspace/freedom-e-sdk/bsp/sifive-hifive1/install/lib/debug//libmetal.a(libriscv__mmachine__sifive-hifive1_a-entry.o)
                0x000000002040006e                __register_frame_info
 *(SORT_NONE(.init))
 .init          0x0000000020400070        0xe /home/hunlu/workspace/freedom-e-sdk/bsp/sifive-hifive1/install/lib/debug//libmetal.a(libriscv__mmachine__sifive-hifive1_a-synchronize_harts.o)
                0x0000000020400070                __metal_synchronize_harts
 *(.text.libgloss.start)
 .text.libgloss.start
                0x000000002040007e      0x120 /home/hunlu/workspace/freedom-e-sdk/bsp/sifive-hifive1/install/lib/debug//libmetal-gloss.a(crt0.o)
                0x000000002040007e                _start
                0x000000002040017c                _init
                0x000000002040017c                _fini
                0x000000002040017e                secondary_main

.fini
 *(SORT_NONE(.fini))

.text           0x0000000020400200     0x8c38
 *(.text.unlikely .text.unlikely.*)
 *(.text.startup .text.startup.*)
 *(.text .text.*)
 .text.print_twoD
                0x0000000020400200       0xde /tmp/cck4f70Q.o
                0x0000000020400200                print_twoD
 .text.dot      0x00000000204002de      0x144 /tmp/cck4f70Q.o
                0x00000000204002de                dot
 .text.reLU     0x0000000020400422       0x32 /tmp/cck4f70Q.o
                0x0000000020400422                reLU
 .text.conv2D   0x0000000020400454      0x2ba /tmp/cck4f70Q.o
                0x0000000020400454                conv2D
 .text.get_class
                0x000000002040070e       0x72 /tmp/cck4f70Q.o
                0x000000002040070e                get_class
 .text.basic_delay
                0x0000000020400780       0x30 /tmp/cck4f70Q.o
                0x0000000020400780                basic_delay
 .text.i2c_init
                0x00000000204007b0       0x3e /tmp/cck4f70Q.o
                0x00000000204007b0                i2c_init
 .text.i2c_start
                0x00000000204007ee       0x5a /tmp/cck4f70Q.o
                0x00000000204007ee                i2c_start
 .text.i2c_busy
                0x0000000020400848       0x66 /tmp/cck4f70Q.o
                0x0000000020400848                i2c_busy
 .text.i2c_stop
                0x00000000204008ae       0x42 /tmp/cck4f70Q.o
                0x00000000204008ae                i2c_stop
 .text.i2c_send_bytes_rs
                0x00000000204008f0      0x3aa /tmp/cck4f70Q.o
                0x00000000204008f0                i2c_send_bytes_rs
 .text.i2c_read_byte
                0x0000000020400c9a       0x6a /tmp/cck4f70Q.o
                0x0000000020400c9a                i2c_read_byte
 .text.i2c_write_byte
                0x0000000020400d04       0x74 /tmp/cck4f70Q.o
                0x0000000020400d04                i2c_write_byte
 .text.read_fifo_len
                0x0000000020400d78       0xba /tmp/cck4f70Q.o
                0x0000000020400d78                read_fifo_len
 .text.main     0x0000000020400e32      0x808 /tmp/cck4f70Q.o
                0x0000000020400e32                main
 .text          0x000000002040163a       0xa8 /home/hunlu/riscv64-unknown-elf-gcc-8.3.0-2019.08.0-x86_64-linux-ubuntu14/bin/../lib/gcc/riscv64-unknown-elf/8.3.0/../../../../riscv64-unknown-elf/lib/rv32imac/ilp32/libc_nano.a(lib_a-memset.o)
                0x000000002040163a                memset
 .text.printf   0x00000000204016e2       0x40 /home/hunlu/riscv64-unknown-elf-gcc-8.3.0-2019.08.0-x86_64-linux-ubuntu14/bin/../lib/gcc/riscv64-unknown-elf/8.3.0/../../../../riscv64-unknown-elf/lib/rv32imac/ilp32/libc_nano.a(lib_a-printf.o)
                0x00000000204016e2                printf
                0x00000000204016e2                iprintf
 .text.putchar  0x0000000020401722       0x28 /home/hunlu/riscv64-unknown-elf-gcc-8.3.0-2019.08.0-x86_64-linux-ubuntu14/bin/../lib/gcc/riscv64-unknown-elf/8.3.0/../../../../riscv64-unknown-elf/lib/rv32imac/ilp32/libc_nano.a(lib_a-putchar.o)
                0x0000000020401722                putchar
 .text._putc_r  0x000000002040174a       0x82 /home/hunlu/riscv64-unknown-elf-gcc-8.3.0-2019.08.0-x86_64-linux-ubuntu14/bin/../lib/gcc/riscv64-unknown-elf/8.3.0/../../../../riscv64-unknown-elf/lib/rv32imac/ilp32/libc_nano.a(lib_a-putc.o)
                0x000000002040174a                _putc_r
 .text._puts_r  0x00000000204017cc       0xda /home/hunlu/riscv64-unknown-elf-gcc-8.3.0-2019.08.0-x86_64-linux-ubuntu14/bin/../lib/gcc/riscv64-unknown-elf/8.3.0/../../../../riscv64-unknown-elf/lib/rv32imac/ilp32/libc_nano.a(lib_a-puts.o)
                0x00000000204017cc                _puts_r
 .text.puts     0x00000000204018a6        0xa /home/hunlu/riscv64-unknown-elf-gcc-8.3.0-2019.08.0-x86_64-linux-ubuntu14/bin/../lib/gcc/riscv64-unknown-elf/8.3.0/../../../../riscv64-unknown-elf/lib/rv32imac/ilp32/libc_nano.a(lib_a-puts.o)
                0x00000000204018a6                puts
 .text.__swbuf_r
                0x00000000204018b0       0xc0 /home/hunlu/riscv64-unknown-elf-gcc-8.3.0-2019.08.0-x86_64-linux-ubuntu14/bin/../lib/gcc/riscv64-unknown-elf/8.3.0/../../../../riscv64-unknown-elf/lib/rv32imac/ilp32/libc_nano.a(lib_a-wbuf.o)
                0x00000000204018b0                __swbuf_r
 .text.__swsetup_r
                0x0000000020401970      0x10c /home/hunlu/riscv64-unknown-elf-gcc-8.3.0-2019.08.0-x86_64-linux-ubuntu14/bin/../lib/gcc/riscv64-unknown-elf/8.3.0/../../../../riscv64-unknown-elf/lib/rv32imac/ilp32/libc_nano.a(lib_a-wsetup.o)
                0x0000000020401970                __swsetup_r
 .text.__sflush_r
                0x0000000020401a7c      0x14a /home/hunlu/riscv64-unknown-elf-gcc-8.3.0-2019.08.0-x86_64-linux-ubuntu14/bin/../lib/gcc/riscv64-unknown-elf/8.3.0/../../../../riscv64-unknown-elf/lib/rv32imac/ilp32/libc_nano.a(lib_a-fflush.o)
                0x0000000020401a7c                __sflush_r
 .text._fflush_r
                0x0000000020401bc6       0x64 /home/hunlu/riscv64-unknown-elf-gcc-8.3.0-2019.08.0-x86_64-linux-ubuntu14/bin/../lib/gcc/riscv64-unknown-elf/8.3.0/../../../../riscv64-unknown-elf/lib/rv32imac/ilp32/libc_nano.a(lib_a-fflush.o)
                0x0000000020401bc6                _fflush_r
 .text.std      0x0000000020401c2a       0x6a /home/hunlu/riscv64-unknown-elf-gcc-8.3.0-2019.08.0-x86_64-linux-ubuntu14/bin/../lib/gcc/riscv64-unknown-elf/8.3.0/../../../../riscv64-unknown-elf/lib/rv32imac/ilp32/libc_nano.a(lib_a-findfp.o)
 .text._cleanup_r
                0x0000000020401c94        0xa /home/hunlu/riscv64-unknown-elf-gcc-8.3.0-2019.08.0-x86_64-linux-ubuntu14/bin/../lib/gcc/riscv64-unknown-elf/8.3.0/../../../../riscv64-unknown-elf/lib/rv32imac/ilp32/libc_nano.a(lib_a-findfp.o)
                0x0000000020401c94                _cleanup_r
 .text.__sfmoreglue
                0x0000000020401c9e       0x46 /home/hunlu/riscv64-unknown-elf-gcc-8.3.0-2019.08.0-x86_64-linux-ubuntu14/bin/../lib/gcc/riscv64-unknown-elf/8.3.0/../../../../riscv64-unknown-elf/lib/rv32imac/ilp32/libc_nano.a(lib_a-findfp.o)
                0x0000000020401c9e                __sfmoreglue
 .text.__sinit  0x0000000020401ce4       0x66 /home/hunlu/riscv64-unknown-elf-gcc-8.3.0-2019.08.0-x86_64-linux-ubuntu14/bin/../lib/gcc/riscv64-unknown-elf/8.3.0/../../../../riscv64-unknown-elf/lib/rv32imac/ilp32/libc_nano.a(lib_a-findfp.o)
                0x0000000020401ce4                __sinit
 .text.__sfp    0x0000000020401d4a       0x9c /home/hunlu/riscv64-unknown-elf-gcc-8.3.0-2019.08.0-x86_64-linux-ubuntu14/bin/../lib/gcc/riscv64-unknown-elf/8.3.0/../../../../riscv64-unknown-elf/lib/rv32imac/ilp32/libc_nano.a(lib_a-findfp.o)
                0x0000000020401d4a                __sfp
 .text._fwalk_reent
                0x0000000020401de6       0x6c /home/hunlu/riscv64-unknown-elf-gcc-8.3.0-2019.08.0-x86_64-linux-ubuntu14/bin/../lib/gcc/riscv64-unknown-elf/8.3.0/../../../../riscv64-unknown-elf/lib/rv32imac/ilp32/libc_nano.a(lib_a-fwalk.o)
                0x0000000020401de6                _fwalk_reent
 .text.__swhatbuf_r
                0x0000000020401e52       0x58 /home/hunlu/riscv64-unknown-elf-gcc-8.3.0-2019.08.0-x86_64-linux-ubuntu14/bin/../lib/gcc/riscv64-unknown-elf/8.3.0/../../../../riscv64-unknown-elf/lib/rv32imac/ilp32/libc_nano.a(lib_a-makebuf.o)
                0x0000000020401e52                __swhatbuf_r
 .text.__smakebuf_r
                0x0000000020401eaa       0x9c /home/hunlu/riscv64-unknown-elf-gcc-8.3.0-2019.08.0-x86_64-linux-ubuntu14/bin/../lib/gcc/riscv64-unknown-elf/8.3.0/../../../../riscv64-unknown-elf/lib/rv32imac/ilp32/libc_nano.a(lib_a-makebuf.o)
                0x0000000020401eaa                __smakebuf_r
 .text._free_r  0x0000000020401f46       0xac /home/hunlu/riscv64-unknown-elf-gcc-8.3.0-2019.08.0-x86_64-linux-ubuntu14/bin/../lib/gcc/riscv64-unknown-elf/8.3.0/../../../../riscv64-unknown-elf/lib/rv32imac/ilp32/libc_nano.a(lib_a-nano-freer.o)
                0x0000000020401f46                _free_r
 .text._malloc_r
                0x0000000020401ff2       0xde /home/hunlu/riscv64-unknown-elf-gcc-8.3.0-2019.08.0-x86_64-linux-ubuntu14/bin/../lib/gcc/riscv64-unknown-elf/8.3.0/../../../../riscv64-unknown-elf/lib/rv32imac/ilp32/libc_nano.a(lib_a-nano-mallocr.o)
                0x0000000020401ff2                _malloc_r
 .text.__sfputc_r
                0x00000000204020d0       0x2a /home/hunlu/riscv64-unknown-elf-gcc-8.3.0-2019.08.0-x86_64-linux-ubuntu14/bin/../lib/gcc/riscv64-unknown-elf/8.3.0/../../../../riscv64-unknown-elf/lib/rv32imac/ilp32/libc_nano.a(lib_a-nano-vfprintf.o)
 .text.__sfputs_r
                0x00000000204020fa       0x42 /home/hunlu/riscv64-unknown-elf-gcc-8.3.0-2019.08.0-x86_64-linux-ubuntu14/bin/../lib/gcc/riscv64-unknown-elf/8.3.0/../../../../riscv64-unknown-elf/lib/rv32imac/ilp32/libc_nano.a(lib_a-nano-vfprintf.o)
                0x00000000204020fa                __sfputs_r
 .text._vfprintf_r
                0x000000002040213c      0x29a /home/hunlu/riscv64-unknown-elf-gcc-8.3.0-2019.08.0-x86_64-linux-ubuntu14/bin/../lib/gcc/riscv64-unknown-elf/8.3.0/../../../../riscv64-unknown-elf/lib/rv32imac/ilp32/libc_nano.a(lib_a-nano-vfprintf.o)
                0x000000002040213c                _vfiprintf_r
                0x000000002040213c                _vfprintf_r
 .text._sbrk_r  0x00000000204023d6       0x2a /home/hunlu/riscv64-unknown-elf-gcc-8.3.0-2019.08.0-x86_64-linux-ubuntu14/bin/../lib/gcc/riscv64-unknown-elf/8.3.0/../../../../riscv64-unknown-elf/lib/rv32imac/ilp32/libc_nano.a(lib_a-sbrkr.o)
                0x00000000204023d6                _sbrk_r
 .text.__sread  0x0000000020402400       0x30 /home/hunlu/riscv64-unknown-elf-gcc-8.3.0-2019.08.0-x86_64-linux-ubuntu14/bin/../lib/gcc/riscv64-unknown-elf/8.3.0/../../../../riscv64-unknown-elf/lib/rv32imac/ilp32/libc_nano.a(lib_a-stdio.o)
                0x0000000020402400                __sread
 .text.__swrite
                0x0000000020402430       0x4e /home/hunlu/riscv64-unknown-elf-gcc-8.3.0-2019.08.0-x86_64-linux-ubuntu14/bin/../lib/gcc/riscv64-unknown-elf/8.3.0/../../../../riscv64-unknown-elf/lib/rv32imac/ilp32/libc_nano.a(lib_a-stdio.o)
                0x0000000020402430                __swrite
 .text.__sseek  0x000000002040247e       0x36 /home/hunlu/riscv64-unknown-elf-gcc-8.3.0-2019.08.0-x86_64-linux-ubuntu14/bin/../lib/gcc/riscv64-unknown-elf/8.3.0/../../../../riscv64-unknown-elf/lib/rv32imac/ilp32/libc_nano.a(lib_a-stdio.o)
                0x000000002040247e                __sseek
 .text.__sclose
                0x00000000204024b4        0x6 /home/hunlu/riscv64-unknown-elf-gcc-8.3.0-2019.08.0-x86_64-linux-ubuntu14/bin/../lib/gcc/riscv64-unknown-elf/8.3.0/../../../../riscv64-unknown-elf/lib/rv32imac/ilp32/libc_nano.a(lib_a-stdio.o)
                0x00000000204024b4                __sclose
 .text._write_r
                0x00000000204024ba       0x2e /home/hunlu/riscv64-unknown-elf-gcc-8.3.0-2019.08.0-x86_64-linux-ubuntu14/bin/../lib/gcc/riscv64-unknown-elf/8.3.0/../../../../riscv64-unknown-elf/lib/rv32imac/ilp32/libc_nano.a(lib_a-writer.o)
                0x00000000204024ba                _write_r
 .text._close_r
                0x00000000204024e8       0x2a /home/hunlu/riscv64-unknown-elf-gcc-8.3.0-2019.08.0-x86_64-linux-ubuntu14/bin/../lib/gcc/riscv64-unknown-elf/8.3.0/../../../../riscv64-unknown-elf/lib/rv32imac/ilp32/libc_nano.a(lib_a-closer.o)
                0x00000000204024e8                _close_r
 .text._fstat_r
                0x0000000020402512       0x2c /home/hunlu/riscv64-unknown-elf-gcc-8.3.0-2019.08.0-x86_64-linux-ubuntu14/bin/../lib/gcc/riscv64-unknown-elf/8.3.0/../../../../riscv64-unknown-elf/lib/rv32imac/ilp32/libc_nano.a(lib_a-fstatr.o)
                0x0000000020402512                _fstat_r
 .text._isatty_r
                0x000000002040253e       0x2a /home/hunlu/riscv64-unknown-elf-gcc-8.3.0-2019.08.0-x86_64-linux-ubuntu14/bin/../lib/gcc/riscv64-unknown-elf/8.3.0/../../../../riscv64-unknown-elf/lib/rv32imac/ilp32/libc_nano.a(lib_a-isattyr.o)
                0x000000002040253e                _isatty_r
 .text._lseek_r
                0x0000000020402568       0x2e /home/hunlu/riscv64-unknown-elf-gcc-8.3.0-2019.08.0-x86_64-linux-ubuntu14/bin/../lib/gcc/riscv64-unknown-elf/8.3.0/../../../../riscv64-unknown-elf/lib/rv32imac/ilp32/libc_nano.a(lib_a-lseekr.o)
                0x0000000020402568                _lseek_r
 .text.memchr   0x0000000020402596       0x1a /home/hunlu/riscv64-unknown-elf-gcc-8.3.0-2019.08.0-x86_64-linux-ubuntu14/bin/../lib/gcc/riscv64-unknown-elf/8.3.0/../../../../riscv64-unknown-elf/lib/rv32imac/ilp32/libc_nano.a(lib_a-memchr.o)
                0x0000000020402596                memchr
 .text.__malloc_lock
                0x00000000204025b0        0x2 /home/hunlu/riscv64-unknown-elf-gcc-8.3.0-2019.08.0-x86_64-linux-ubuntu14/bin/../lib/gcc/riscv64-unknown-elf/8.3.0/../../../../riscv64-unknown-elf/lib/rv32imac/ilp32/libc_nano.a(lib_a-mlock.o)
                0x00000000204025b0                __malloc_lock
 .text.__malloc_unlock
                0x00000000204025b2        0x2 /home/hunlu/riscv64-unknown-elf-gcc-8.3.0-2019.08.0-x86_64-linux-ubuntu14/bin/../lib/gcc/riscv64-unknown-elf/8.3.0/../../../../riscv64-unknown-elf/lib/rv32imac/ilp32/libc_nano.a(lib_a-mlock.o)
                0x00000000204025b2                __malloc_unlock
 .text._printf_common
                0x00000000204025b4      0x10c /home/hunlu/riscv64-unknown-elf-gcc-8.3.0-2019.08.0-x86_64-linux-ubuntu14/bin/../lib/gcc/riscv64-unknown-elf/8.3.0/../../../../riscv64-unknown-elf/lib/rv32imac/ilp32/libc_nano.a(lib_a-nano-vfprintf_i.o)
                0x00000000204025b4                _printf_common
 .text._printf_i
                0x00000000204026c0      0x2a2 /home/hunlu/riscv64-unknown-elf-gcc-8.3.0-2019.08.0-x86_64-linux-ubuntu14/bin/../lib/gcc/riscv64-unknown-elf/8.3.0/../../../../riscv64-unknown-elf/lib/rv32imac/ilp32/libc_nano.a(lib_a-nano-vfprintf_i.o)
                0x00000000204026c0                _printf_i
 .text._read_r  0x0000000020402962       0x2e /home/hunlu/riscv64-unknown-elf-gcc-8.3.0-2019.08.0-x86_64-linux-ubuntu14/bin/../lib/gcc/riscv64-unknown-elf/8.3.0/../../../../riscv64-unknown-elf/lib/rv32imac/ilp32/libc_nano.a(lib_a-readr.o)
                0x0000000020402962                _read_r
 .text          0x0000000020402990      0x30c /home/hunlu/riscv64-unknown-elf-gcc-8.3.0-2019.08.0-x86_64-linux-ubuntu14/bin/../lib/gcc/riscv64-unknown-elf/8.3.0/rv32imac/ilp32/libgcc.a(addsf3.o)
                0x0000000020402990                __addsf3
 .text          0x0000000020402c9c      0x24a /home/hunlu/riscv64-unknown-elf-gcc-8.3.0-2019.08.0-x86_64-linux-ubuntu14/bin/../lib/gcc/riscv64-unknown-elf/8.3.0/rv32imac/ilp32/libgcc.a(divsf3.o)
                0x0000000020402c9c                __divsf3
 .text          0x0000000020402ee6       0x78 /home/hunlu/riscv64-unknown-elf-gcc-8.3.0-2019.08.0-x86_64-linux-ubuntu14/bin/../lib/gcc/riscv64-unknown-elf/8.3.0/rv32imac/ilp32/libgcc.a(gesf2.o)
                0x0000000020402ee6                __gtsf2
                0x0000000020402ee6                __gesf2
 .text          0x0000000020402f5e       0x78 /home/hunlu/riscv64-unknown-elf-gcc-8.3.0-2019.08.0-x86_64-linux-ubuntu14/bin/../lib/gcc/riscv64-unknown-elf/8.3.0/rv32imac/ilp32/libgcc.a(lesf2.o)
                0x0000000020402f5e                __lesf2
                0x0000000020402f5e                __ltsf2
 .text          0x0000000020402fd6      0x21c /home/hunlu/riscv64-unknown-elf-gcc-8.3.0-2019.08.0-x86_64-linux-ubuntu14/bin/../lib/gcc/riscv64-unknown-elf/8.3.0/rv32imac/ilp32/libgcc.a(mulsf3.o)
                0x0000000020402fd6                __mulsf3
 .text          0x00000000204031f2       0x60 /home/hunlu/riscv64-unknown-elf-gcc-8.3.0-2019.08.0-x86_64-linux-ubuntu14/bin/../lib/gcc/riscv64-unknown-elf/8.3.0/rv32imac/ilp32/libgcc.a(fixsfsi.o)
                0x00000000204031f2                __fixsfsi
 .text          0x0000000020403252       0x9c /home/hunlu/riscv64-unknown-elf-gcc-8.3.0-2019.08.0-x86_64-linux-ubuntu14/bin/../lib/gcc/riscv64-unknown-elf/8.3.0/rv32imac/ilp32/libgcc.a(floatunsisf.o)
                0x0000000020403252                __floatunsisf
 .text          0x00000000204032ee       0x3c /home/hunlu/riscv64-unknown-elf-gcc-8.3.0-2019.08.0-x86_64-linux-ubuntu14/bin/../lib/gcc/riscv64-unknown-elf/8.3.0/rv32imac/ilp32/libgcc.a(_clzsi2.o)
                0x00000000204032ee                __clzsi2
 .text.__metal_driver_sifive_clint0_control_base
                0x000000002040332a       0x26 /home/hunlu/workspace/freedom-e-sdk/bsp/sifive-hifive1/install/lib/debug//libmetal.a(libriscv__mmachine__sifive-hifive1_a-riscv_clint0.o)
 .text.__metal_driver_sifive_clint0_num_interrupts
                0x0000000020403350       0x24 /home/hunlu/workspace/freedom-e-sdk/bsp/sifive-hifive1/install/lib/debug//libmetal.a(libriscv__mmachine__sifive-hifive1_a-riscv_clint0.o)
 .text.__metal_driver_sifive_clint0_interrupt_parents
                0x0000000020403374       0x3c /home/hunlu/workspace/freedom-e-sdk/bsp/sifive-hifive1/install/lib/debug//libmetal.a(libriscv__mmachine__sifive-hifive1_a-riscv_clint0.o)
 .text.__metal_driver_sifive_clint0_interrupt_lines
                0x00000000204033b0       0x30 /home/hunlu/workspace/freedom-e-sdk/bsp/sifive-hifive1/install/lib/debug//libmetal.a(libriscv__mmachine__sifive-hifive1_a-riscv_clint0.o)
 .text.__metal_clint0_mtime_get
                0x00000000204033e0       0x9a /home/hunlu/workspace/freedom-e-sdk/bsp/sifive-hifive1/install/lib/debug//libmetal.a(libriscv__mmachine__sifive-hifive1_a-riscv_clint0.o)
                0x00000000204033e0                __metal_clint0_mtime_get
 .text.__metal_driver_riscv_clint0_mtimecmp_set
                0x000000002040347a       0x96 /home/hunlu/workspace/freedom-e-sdk/bsp/sifive-hifive1/install/lib/debug//libmetal.a(libriscv__mmachine__sifive-hifive1_a-riscv_clint0.o)
                0x000000002040347a                __metal_driver_riscv_clint0_mtimecmp_set
 .text._get_cpu_intc
                0x0000000020403510       0x36 /home/hunlu/workspace/freedom-e-sdk/bsp/sifive-hifive1/install/lib/debug//libmetal.a(libriscv__mmachine__sifive-hifive1_a-riscv_clint0.o)
 .text.__metal_driver_riscv_clint0_init
                0x0000000020403546       0x88 /home/hunlu/workspace/freedom-e-sdk/bsp/sifive-hifive1/install/lib/debug//libmetal.a(libriscv__mmachine__sifive-hifive1_a-riscv_clint0.o)
                0x0000000020403546                __metal_driver_riscv_clint0_init
 .text.__metal_driver_riscv_clint0_register
                0x00000000204035ce       0xda /home/hunlu/workspace/freedom-e-sdk/bsp/sifive-hifive1/install/lib/debug//libmetal.a(libriscv__mmachine__sifive-hifive1_a-riscv_clint0.o)
                0x00000000204035ce                __metal_driver_riscv_clint0_register
 .text.__metal_driver_riscv_clint0_vector_register
                0x00000000204036a8       0x28 /home/hunlu/workspace/freedom-e-sdk/bsp/sifive-hifive1/install/lib/debug//libmetal.a(libriscv__mmachine__sifive-hifive1_a-riscv_clint0.o)
                0x00000000204036a8                __metal_driver_riscv_clint0_vector_register
 .text.__metal_driver_riscv_clint0_get_vector_mode
                0x00000000204036d0       0x1c /home/hunlu/workspace/freedom-e-sdk/bsp/sifive-hifive1/install/lib/debug//libmetal.a(libriscv__mmachine__sifive-hifive1_a-riscv_clint0.o)
                0x00000000204036d0                __metal_driver_riscv_clint0_get_vector_mode
 .text.__metal_driver_riscv_clint0_set_vector_mode
                0x00000000204036ec       0x54 /home/hunlu/workspace/freedom-e-sdk/bsp/sifive-hifive1/install/lib/debug//libmetal.a(libriscv__mmachine__sifive-hifive1_a-riscv_clint0.o)
                0x00000000204036ec                __metal_driver_riscv_clint0_set_vector_mode
 .text.__metal_driver_riscv_clint0_enable
                0x0000000020403740       0xb8 /home/hunlu/workspace/freedom-e-sdk/bsp/sifive-hifive1/install/lib/debug//libmetal.a(libriscv__mmachine__sifive-hifive1_a-riscv_clint0.o)
                0x0000000020403740                __metal_driver_riscv_clint0_enable
 .text.__metal_driver_riscv_clint0_disable
                0x00000000204037f8       0xb8 /home/hunlu/workspace/freedom-e-sdk/bsp/sifive-hifive1/install/lib/debug//libmetal.a(libriscv__mmachine__sifive-hifive1_a-riscv_clint0.o)
                0x00000000204037f8                __metal_driver_riscv_clint0_disable
 .text.__metal_driver_riscv_clint0_command_request
                0x00000000204038b0      0x136 /home/hunlu/workspace/freedom-e-sdk/bsp/sifive-hifive1/install/lib/debug//libmetal.a(libriscv__mmachine__sifive-hifive1_a-riscv_clint0.o)
                0x00000000204038b0                __metal_driver_riscv_clint0_command_request
 .text.__metal_driver_riscv_clint0_clear_interrupt
                0x00000000204039e6       0x34 /home/hunlu/workspace/freedom-e-sdk/bsp/sifive-hifive1/install/lib/debug//libmetal.a(libriscv__mmachine__sifive-hifive1_a-riscv_clint0.o)
                0x00000000204039e6                __metal_driver_riscv_clint0_clear_interrupt
 .text.__metal_driver_riscv_clint0_set_interrupt
                0x0000000020403a1a       0x34 /home/hunlu/workspace/freedom-e-sdk/bsp/sifive-hifive1/install/lib/debug//libmetal.a(libriscv__mmachine__sifive-hifive1_a-riscv_clint0.o)
                0x0000000020403a1a                __metal_driver_riscv_clint0_set_interrupt
 .text.__metal_driver_cpu_hartid
                0x0000000020403a4e       0x24 /home/hunlu/workspace/freedom-e-sdk/bsp/sifive-hifive1/install/lib/debug//libmetal.a(libriscv__mmachine__sifive-hifive1_a-riscv_cpu.o)
 .text.__metal_driver_cpu_timebase
                0x0000000020403a72       0x2a /home/hunlu/workspace/freedom-e-sdk/bsp/sifive-hifive1/install/lib/debug//libmetal.a(libriscv__mmachine__sifive-hifive1_a-riscv_cpu.o)
 .text.__metal_driver_cpu_interrupt_controller
                0x0000000020403a9c       0x2a /home/hunlu/workspace/freedom-e-sdk/bsp/sifive-hifive1/install/lib/debug//libmetal.a(libriscv__mmachine__sifive-hifive1_a-riscv_cpu.o)
 .text.__metal_driver_cpu_get
                0x0000000020403ac6       0x30 /home/hunlu/workspace/freedom-e-sdk/bsp/sifive-hifive1/install/lib/debug//libmetal.a(libriscv__mmachine__sifive-hifive1_a-riscv_cpu.o)
                0x0000000020403ac6                __metal_driver_cpu_get
 .text.__metal_myhart_id
                0x0000000020403af6       0x1a /home/hunlu/workspace/freedom-e-sdk/bsp/sifive-hifive1/install/lib/debug//libmetal.a(libriscv__mmachine__sifive-hifive1_a-riscv_cpu.o)
                0x0000000020403af6                __metal_myhart_id
 .text.__metal_interrupt_global_enable
                0x0000000020403b10       0x18 /home/hunlu/workspace/freedom-e-sdk/bsp/sifive-hifive1/install/lib/debug//libmetal.a(libriscv__mmachine__sifive-hifive1_a-riscv_cpu.o)
                0x0000000020403b10                __metal_interrupt_global_enable
 .text.__metal_interrupt_global_disable
                0x0000000020403b28       0x18 /home/hunlu/workspace/freedom-e-sdk/bsp/sifive-hifive1/install/lib/debug//libmetal.a(libriscv__mmachine__sifive-hifive1_a-riscv_cpu.o)
                0x0000000020403b28                __metal_interrupt_global_disable
 .text.__metal_interrupt_software_enable
                0x0000000020403b40       0x18 /home/hunlu/workspace/freedom-e-sdk/bsp/sifive-hifive1/install/lib/debug//libmetal.a(libriscv__mmachine__sifive-hifive1_a-riscv_cpu.o)
                0x0000000020403b40                __metal_interrupt_software_enable
 .text.__metal_interrupt_software_disable
                0x0000000020403b58       0x18 /home/hunlu/workspace/freedom-e-sdk/bsp/sifive-hifive1/install/lib/debug//libmetal.a(libriscv__mmachine__sifive-hifive1_a-riscv_cpu.o)
                0x0000000020403b58                __metal_interrupt_software_disable
 .text.__metal_interrupt_timer_enable
                0x0000000020403b70       0x1a /home/hunlu/workspace/freedom-e-sdk/bsp/sifive-hifive1/install/lib/debug//libmetal.a(libriscv__mmachine__sifive-hifive1_a-riscv_cpu.o)
                0x0000000020403b70                __metal_interrupt_timer_enable
 .text.__metal_interrupt_timer_disable
                0x0000000020403b8a       0x1a /home/hunlu/workspace/freedom-e-sdk/bsp/sifive-hifive1/install/lib/debug//libmetal.a(libriscv__mmachine__sifive-hifive1_a-riscv_cpu.o)
                0x0000000020403b8a                __metal_interrupt_timer_disable
 .text.__metal_interrupt_external_enable
                0x0000000020403ba4       0x1c /home/hunlu/workspace/freedom-e-sdk/bsp/sifive-hifive1/install/lib/debug//libmetal.a(libriscv__mmachine__sifive-hifive1_a-riscv_cpu.o)
                0x0000000020403ba4                __metal_interrupt_external_enable
 .text.__metal_interrupt_external_disable
                0x0000000020403bc0       0x1c /home/hunlu/workspace/freedom-e-sdk/bsp/sifive-hifive1/install/lib/debug//libmetal.a(libriscv__mmachine__sifive-hifive1_a-riscv_cpu.o)
                0x0000000020403bc0                __metal_interrupt_external_disable
 .text.__metal_interrupt_local_enable
                0x0000000020403bdc       0x2c /home/hunlu/workspace/freedom-e-sdk/bsp/sifive-hifive1/install/lib/debug//libmetal.a(libriscv__mmachine__sifive-hifive1_a-riscv_cpu.o)
                0x0000000020403bdc                __metal_interrupt_local_enable
 .text.__metal_interrupt_local_disable
                0x0000000020403c08       0x2c /home/hunlu/workspace/freedom-e-sdk/bsp/sifive-hifive1/install/lib/debug//libmetal.a(libriscv__mmachine__sifive-hifive1_a-riscv_cpu.o)
                0x0000000020403c08                __metal_interrupt_local_disable
 .text.__metal_default_exception_handler
                0x0000000020403c34       0x18 /home/hunlu/workspace/freedom-e-sdk/bsp/sifive-hifive1/install/lib/debug//libmetal.a(libriscv__mmachine__sifive-hifive1_a-riscv_cpu.o)
                0x0000000020403c34                __metal_default_exception_handler
 .text.__metal_default_interrupt_handler
                0x0000000020403c4c       0x18 /home/hunlu/workspace/freedom-e-sdk/bsp/sifive-hifive1/install/lib/debug//libmetal.a(libriscv__mmachine__sifive-hifive1_a-riscv_cpu.o)
                0x0000000020403c4c                __metal_default_interrupt_handler
 .text.metal_interrupt_vector_handler
                0x0000000020403c64       0x2e /home/hunlu/workspace/freedom-e-sdk/bsp/sifive-hifive1/install/lib/debug//libmetal.a(libriscv__mmachine__sifive-hifive1_a-riscv_cpu.o)
                0x0000000020403c64                metal_interrupt_vector_handler
 .text.metal_software_interrupt_vector_handler
                0x0000000020403c92       0x92 /home/hunlu/workspace/freedom-e-sdk/bsp/sifive-hifive1/install/lib/debug//libmetal.a(libriscv__mmachine__sifive-hifive1_a-riscv_cpu.o)
                0x0000000020403c92                metal_software_interrupt_vector_handler
 .text.__metal_default_sw_handler
                0x0000000020403d24       0x68 /home/hunlu/workspace/freedom-e-sdk/bsp/sifive-hifive1/install/lib/debug//libmetal.a(libriscv__mmachine__sifive-hifive1_a-riscv_cpu.o)
                0x0000000020403d24                __metal_default_sw_handler
 .text.metal_timer_interrupt_vector_handler
                0x0000000020403d8c       0x94 /home/hunlu/workspace/freedom-e-sdk/bsp/sifive-hifive1/install/lib/debug//libmetal.a(libriscv__mmachine__sifive-hifive1_a-riscv_cpu.o)
                0x0000000020403d8c                metal_timer_interrupt_vector_handler
 .text.__metal_default_timer_handler
                0x0000000020403e20       0x6a /home/hunlu/workspace/freedom-e-sdk/bsp/sifive-hifive1/install/lib/debug//libmetal.a(libriscv__mmachine__sifive-hifive1_a-riscv_cpu.o)
                0x0000000020403e20                __metal_default_timer_handler
 *fill*         0x0000000020403e8a       0x76 
 .text.__metal_exception_handler
                0x0000000020403f00      0x17a /home/hunlu/workspace/freedom-e-sdk/bsp/sifive-hifive1/install/lib/debug//libmetal.a(libriscv__mmachine__sifive-hifive1_a-riscv_cpu.o)
                0x0000000020403f00                __metal_exception_handler
 .text.metal_lc0_interrupt_vector_handler
                0x000000002040407a       0x96 /home/hunlu/workspace/freedom-e-sdk/bsp/sifive-hifive1/install/lib/debug//libmetal.a(libriscv__mmachine__sifive-hifive1_a-riscv_cpu.o)
                0x000000002040407a                metal_lc0_interrupt_vector_handler
 .text.metal_lc1_interrupt_vector_handler
                0x0000000020404110       0x96 /home/hunlu/workspace/freedom-e-sdk/bsp/sifive-hifive1/install/lib/debug//libmetal.a(libriscv__mmachine__sifive-hifive1_a-riscv_cpu.o)
                0x0000000020404110                metal_lc1_interrupt_vector_handler
 .text.metal_lc2_interrupt_vector_handler
                0x00000000204041a6       0x96 /home/hunlu/workspace/freedom-e-sdk/bsp/sifive-hifive1/install/lib/debug//libmetal.a(libriscv__mmachine__sifive-hifive1_a-riscv_cpu.o)
                0x00000000204041a6                metal_lc2_interrupt_vector_handler
 .text.metal_lc3_interrupt_vector_handler
                0x000000002040423c       0x96 /home/hunlu/workspace/freedom-e-sdk/bsp/sifive-hifive1/install/lib/debug//libmetal.a(libriscv__mmachine__sifive-hifive1_a-riscv_cpu.o)
                0x000000002040423c                metal_lc3_interrupt_vector_handler
 .text.metal_lc4_interrupt_vector_handler
                0x00000000204042d2       0x96 /home/hunlu/workspace/freedom-e-sdk/bsp/sifive-hifive1/install/lib/debug//libmetal.a(libriscv__mmachine__sifive-hifive1_a-riscv_cpu.o)
                0x00000000204042d2                metal_lc4_interrupt_vector_handler
 .text.metal_lc5_interrupt_vector_handler
                0x0000000020404368       0x96 /home/hunlu/workspace/freedom-e-sdk/bsp/sifive-hifive1/install/lib/debug//libmetal.a(libriscv__mmachine__sifive-hifive1_a-riscv_cpu.o)
                0x0000000020404368                metal_lc5_interrupt_vector_handler
 .text.metal_lc6_interrupt_vector_handler
                0x00000000204043fe       0x96 /home/hunlu/workspace/freedom-e-sdk/bsp/sifive-hifive1/install/lib/debug//libmetal.a(libriscv__mmachine__sifive-hifive1_a-riscv_cpu.o)
                0x00000000204043fe                metal_lc6_interrupt_vector_handler
 .text.metal_lc7_interrupt_vector_handler
                0x0000000020404494       0x96 /home/hunlu/workspace/freedom-e-sdk/bsp/sifive-hifive1/install/lib/debug//libmetal.a(libriscv__mmachine__sifive-hifive1_a-riscv_cpu.o)
                0x0000000020404494                metal_lc7_interrupt_vector_handler
 .text.metal_lc8_interrupt_vector_handler
                0x000000002040452a       0x96 /home/hunlu/workspace/freedom-e-sdk/bsp/sifive-hifive1/install/lib/debug//libmetal.a(libriscv__mmachine__sifive-hifive1_a-riscv_cpu.o)
                0x000000002040452a                metal_lc8_interrupt_vector_handler
 .text.metal_lc9_interrupt_vector_handler
                0x00000000204045c0       0x96 /home/hunlu/workspace/freedom-e-sdk/bsp/sifive-hifive1/install/lib/debug//libmetal.a(libriscv__mmachine__sifive-hifive1_a-riscv_cpu.o)
                0x00000000204045c0                metal_lc9_interrupt_vector_handler
 .text.metal_lc10_interrupt_vector_handler
                0x0000000020404656       0x96 /home/hunlu/workspace/freedom-e-sdk/bsp/sifive-hifive1/install/lib/debug//libmetal.a(libriscv__mmachine__sifive-hifive1_a-riscv_cpu.o)
                0x0000000020404656                metal_lc10_interrupt_vector_handler
 .text.metal_lc11_interrupt_vector_handler
                0x00000000204046ec       0x96 /home/hunlu/workspace/freedom-e-sdk/bsp/sifive-hifive1/install/lib/debug//libmetal.a(libriscv__mmachine__sifive-hifive1_a-riscv_cpu.o)
                0x00000000204046ec                metal_lc11_interrupt_vector_handler
 .text.metal_lc12_interrupt_vector_handler
                0x0000000020404782       0x96 /home/hunlu/workspace/freedom-e-sdk/bsp/sifive-hifive1/install/lib/debug//libmetal.a(libriscv__mmachine__sifive-hifive1_a-riscv_cpu.o)
                0x0000000020404782                metal_lc12_interrupt_vector_handler
 .text.metal_lc13_interrupt_vector_handler
                0x0000000020404818       0x96 /home/hunlu/workspace/freedom-e-sdk/bsp/sifive-hifive1/install/lib/debug//libmetal.a(libriscv__mmachine__sifive-hifive1_a-riscv_cpu.o)
                0x0000000020404818                metal_lc13_interrupt_vector_handler
 .text.metal_lc14_interrupt_vector_handler
                0x00000000204048ae       0x96 /home/hunlu/workspace/freedom-e-sdk/bsp/sifive-hifive1/install/lib/debug//libmetal.a(libriscv__mmachine__sifive-hifive1_a-riscv_cpu.o)
                0x00000000204048ae                metal_lc14_interrupt_vector_handler
 .text.metal_lc15_interrupt_vector_handler
                0x0000000020404944       0x96 /home/hunlu/workspace/freedom-e-sdk/bsp/sifive-hifive1/install/lib/debug//libmetal.a(libriscv__mmachine__sifive-hifive1_a-riscv_cpu.o)
                0x0000000020404944                metal_lc15_interrupt_vector_handler
 .text.__metal_controller_interrupt_vector_mode
                0x00000000204049da       0x50 /home/hunlu/workspace/freedom-e-sdk/bsp/sifive-hifive1/install/lib/debug//libmetal.a(libriscv__mmachine__sifive-hifive1_a-riscv_cpu.o)
                0x00000000204049da                __metal_controller_interrupt_vector_mode
 .text.__metal_controller_interrupt_vector
                0x0000000020404a2a       0x98 /home/hunlu/workspace/freedom-e-sdk/bsp/sifive-hifive1/install/lib/debug//libmetal.a(libriscv__mmachine__sifive-hifive1_a-riscv_cpu.o)
                0x0000000020404a2a                __metal_controller_interrupt_vector
 .text.__metal_valid_interrupt_id
                0x0000000020404ac2       0x38 /home/hunlu/workspace/freedom-e-sdk/bsp/sifive-hifive1/install/lib/debug//libmetal.a(libriscv__mmachine__sifive-hifive1_a-riscv_cpu.o)
                0x0000000020404ac2                __metal_valid_interrupt_id
 .text.__metal_local_interrupt_enable
                0x0000000020404afa       0xbc /home/hunlu/workspace/freedom-e-sdk/bsp/sifive-hifive1/install/lib/debug//libmetal.a(libriscv__mmachine__sifive-hifive1_a-riscv_cpu.o)
                0x0000000020404afa                __metal_local_interrupt_enable
 .text.__metal_exception_register
                0x0000000020404bb6       0x4e /home/hunlu/workspace/freedom-e-sdk/bsp/sifive-hifive1/install/lib/debug//libmetal.a(libriscv__mmachine__sifive-hifive1_a-riscv_cpu.o)
                0x0000000020404bb6                __metal_exception_register
 .text.__metal_driver_riscv_cpu_controller_interrupt_init
                0x0000000020404c04      0x140 /home/hunlu/workspace/freedom-e-sdk/bsp/sifive-hifive1/install/lib/debug//libmetal.a(libriscv__mmachine__sifive-hifive1_a-riscv_cpu.o)
                0x0000000020404c04                __metal_driver_riscv_cpu_controller_interrupt_init
 .text.__metal_driver_riscv_cpu_controller_interrupt_register
                0x0000000020404d44      0x150 /home/hunlu/workspace/freedom-e-sdk/bsp/sifive-hifive1/install/lib/debug//libmetal.a(libriscv__mmachine__sifive-hifive1_a-riscv_cpu.o)
                0x0000000020404d44                __metal_driver_riscv_cpu_controller_interrupt_register
 .text.__metal_driver_riscv_cpu_controller_interrupt_enable
                0x0000000020404e94       0x2c /home/hunlu/workspace/freedom-e-sdk/bsp/sifive-hifive1/install/lib/debug//libmetal.a(libriscv__mmachine__sifive-hifive1_a-riscv_cpu.o)
                0x0000000020404e94                __metal_driver_riscv_cpu_controller_interrupt_enable
 .text.__metal_driver_riscv_cpu_controller_interrupt_disable
                0x0000000020404ec0       0x2c /home/hunlu/workspace/freedom-e-sdk/bsp/sifive-hifive1/install/lib/debug//libmetal.a(libriscv__mmachine__sifive-hifive1_a-riscv_cpu.o)
                0x0000000020404ec0                __metal_driver_riscv_cpu_controller_interrupt_disable
 .text.__metal_driver_riscv_cpu_controller_get_vector_mode
                0x0000000020404eec       0x1c /home/hunlu/workspace/freedom-e-sdk/bsp/sifive-hifive1/install/lib/debug//libmetal.a(libriscv__mmachine__sifive-hifive1_a-riscv_cpu.o)
                0x0000000020404eec                __metal_driver_riscv_cpu_controller_get_vector_mode
 .text.__metal_driver_riscv_cpu_controller_set_vector_mode
                0x0000000020404f08       0x5c /home/hunlu/workspace/freedom-e-sdk/bsp/sifive-hifive1/install/lib/debug//libmetal.a(libriscv__mmachine__sifive-hifive1_a-riscv_cpu.o)
                0x0000000020404f08                __metal_driver_riscv_cpu_controller_set_vector_mode
 .text.__metal_driver_riscv_cpu_controller_command_request
                0x0000000020404f64       0x1c /home/hunlu/workspace/freedom-e-sdk/bsp/sifive-hifive1/install/lib/debug//libmetal.a(libriscv__mmachine__sifive-hifive1_a-riscv_cpu.o)
                0x0000000020404f64                __metal_driver_riscv_cpu_controller_command_request
 .text.__metal_driver_cpu_mcycle_get
                0x0000000020404f80       0x72 /home/hunlu/workspace/freedom-e-sdk/bsp/sifive-hifive1/install/lib/debug//libmetal.a(libriscv__mmachine__sifive-hifive1_a-riscv_cpu.o)
                0x0000000020404f80                __metal_driver_cpu_mcycle_get
 .text.__metal_driver_cpu_timebase_get
                0x0000000020404ff2       0x46 /home/hunlu/workspace/freedom-e-sdk/bsp/sifive-hifive1/install/lib/debug//libmetal.a(libriscv__mmachine__sifive-hifive1_a-riscv_cpu.o)
                0x0000000020404ff2                __metal_driver_cpu_timebase_get
 .text.__metal_driver_cpu_mtime_get
                0x0000000020405038       0x66 /home/hunlu/workspace/freedom-e-sdk/bsp/sifive-hifive1/install/lib/debug//libmetal.a(libriscv__mmachine__sifive-hifive1_a-riscv_cpu.o)
                0x0000000020405038                __metal_driver_cpu_mtime_get
 .text.__metal_driver_cpu_mtimecmp_set
                0x000000002040509e       0x76 /home/hunlu/workspace/freedom-e-sdk/bsp/sifive-hifive1/install/lib/debug//libmetal.a(libriscv__mmachine__sifive-hifive1_a-riscv_cpu.o)
                0x000000002040509e                __metal_driver_cpu_mtimecmp_set
 .text.__metal_driver_cpu_timer_controller_interrupt
                0x0000000020405114       0x16 /home/hunlu/workspace/freedom-e-sdk/bsp/sifive-hifive1/install/lib/debug//libmetal.a(libriscv__mmachine__sifive-hifive1_a-riscv_cpu.o)
                0x0000000020405114                __metal_driver_cpu_timer_controller_interrupt
 .text.__metal_driver_cpu_get_timer_interrupt_id
                0x000000002040512a       0x14 /home/hunlu/workspace/freedom-e-sdk/bsp/sifive-hifive1/install/lib/debug//libmetal.a(libriscv__mmachine__sifive-hifive1_a-riscv_cpu.o)
                0x000000002040512a                __metal_driver_cpu_get_timer_interrupt_id
 .text.__metal_driver_cpu_sw_controller_interrupt
                0x000000002040513e       0x16 /home/hunlu/workspace/freedom-e-sdk/bsp/sifive-hifive1/install/lib/debug//libmetal.a(libriscv__mmachine__sifive-hifive1_a-riscv_cpu.o)
                0x000000002040513e                __metal_driver_cpu_sw_controller_interrupt
 .text.__metal_driver_cpu_get_sw_interrupt_id
                0x0000000020405154       0x14 /home/hunlu/workspace/freedom-e-sdk/bsp/sifive-hifive1/install/lib/debug//libmetal.a(libriscv__mmachine__sifive-hifive1_a-riscv_cpu.o)
                0x0000000020405154                __metal_driver_cpu_get_sw_interrupt_id
 .text.__metal_driver_cpu_set_sw_ipi
                0x0000000020405168       0x62 /home/hunlu/workspace/freedom-e-sdk/bsp/sifive-hifive1/install/lib/debug//libmetal.a(libriscv__mmachine__sifive-hifive1_a-riscv_cpu.o)
                0x0000000020405168                __metal_driver_cpu_set_sw_ipi
 .text.__metal_driver_cpu_clear_sw_ipi
                0x00000000204051ca       0x62 /home/hunlu/workspace/freedom-e-sdk/bsp/sifive-hifive1/install/lib/debug//libmetal.a(libriscv__mmachine__sifive-hifive1_a-riscv_cpu.o)
                0x00000000204051ca                __metal_driver_cpu_clear_sw_ipi
 .text.__metal_driver_cpu_get_msip
                0x000000002040522c       0x60 /home/hunlu/workspace/freedom-e-sdk/bsp/sifive-hifive1/install/lib/debug//libmetal.a(libriscv__mmachine__sifive-hifive1_a-riscv_cpu.o)
                0x000000002040522c                __metal_driver_cpu_get_msip
 .text.__metal_driver_cpu_controller_interrupt
                0x000000002040528c       0x20 /home/hunlu/workspace/freedom-e-sdk/bsp/sifive-hifive1/install/lib/debug//libmetal.a(libriscv__mmachine__sifive-hifive1_a-riscv_cpu.o)
                0x000000002040528c                __metal_driver_cpu_controller_interrupt
 .text.__metal_driver_cpu_exception_register
                0x00000000204052ac       0x46 /home/hunlu/workspace/freedom-e-sdk/bsp/sifive-hifive1/install/lib/debug//libmetal.a(libriscv__mmachine__sifive-hifive1_a-riscv_cpu.o)
                0x00000000204052ac                __metal_driver_cpu_exception_register
 .text.__metal_driver_cpu_get_instruction_length
                0x00000000204052f2       0x2e /home/hunlu/workspace/freedom-e-sdk/bsp/sifive-hifive1/install/lib/debug//libmetal.a(libriscv__mmachine__sifive-hifive1_a-riscv_cpu.o)
                0x00000000204052f2                __metal_driver_cpu_get_instruction_length
 .text.__metal_driver_cpu_get_exception_pc
                0x0000000020405320       0x1e /home/hunlu/workspace/freedom-e-sdk/bsp/sifive-hifive1/install/lib/debug//libmetal.a(libriscv__mmachine__sifive-hifive1_a-riscv_cpu.o)
                0x0000000020405320                __metal_driver_cpu_get_exception_pc
 .text.__metal_driver_cpu_set_exception_pc
                0x000000002040533e       0x20 /home/hunlu/workspace/freedom-e-sdk/bsp/sifive-hifive1/install/lib/debug//libmetal.a(libriscv__mmachine__sifive-hifive1_a-riscv_cpu.o)
                0x000000002040533e                __metal_driver_cpu_set_exception_pc
 .text.__metal_driver_sifive_plic0_control_base
                0x000000002040535e       0x2a /home/hunlu/workspace/freedom-e-sdk/bsp/sifive-hifive1/install/lib/debug//libmetal.a(libriscv__mmachine__sifive-hifive1_a-riscv_plic0.o)
 .text.__metal_driver_sifive_plic0_num_interrupts
                0x0000000020405388       0x28 /home/hunlu/workspace/freedom-e-sdk/bsp/sifive-hifive1/install/lib/debug//libmetal.a(libriscv__mmachine__sifive-hifive1_a-riscv_plic0.o)
 .text.__metal_driver_sifive_plic0_max_priority
                0x00000000204053b0       0x28 /home/hunlu/workspace/freedom-e-sdk/bsp/sifive-hifive1/install/lib/debug//libmetal.a(libriscv__mmachine__sifive-hifive1_a-riscv_plic0.o)
 .text.__metal_driver_sifive_plic0_interrupt_parents
                0x00000000204053d8       0x28 /home/hunlu/workspace/freedom-e-sdk/bsp/sifive-hifive1/install/lib/debug//libmetal.a(libriscv__mmachine__sifive-hifive1_a-riscv_plic0.o)
 .text.__metal_driver_sifive_plic0_interrupt_lines
                0x0000000020405400       0x22 /home/hunlu/workspace/freedom-e-sdk/bsp/sifive-hifive1/install/lib/debug//libmetal.a(libriscv__mmachine__sifive-hifive1_a-riscv_plic0.o)
 .text.__metal_plic0_claim_interrupt
                0x0000000020405422       0x2e /home/hunlu/workspace/freedom-e-sdk/bsp/sifive-hifive1/install/lib/debug//libmetal.a(libriscv__mmachine__sifive-hifive1_a-riscv_plic0.o)
                0x0000000020405422                __metal_plic0_claim_interrupt
 .text.__metal_plic0_complete_interrupt
                0x0000000020405450       0x38 /home/hunlu/workspace/freedom-e-sdk/bsp/sifive-hifive1/install/lib/debug//libmetal.a(libriscv__mmachine__sifive-hifive1_a-riscv_plic0.o)
                0x0000000020405450                __metal_plic0_complete_interrupt
 .text.__metal_plic0_set_threshold
                0x0000000020405488       0x38 /home/hunlu/workspace/freedom-e-sdk/bsp/sifive-hifive1/install/lib/debug//libmetal.a(libriscv__mmachine__sifive-hifive1_a-riscv_plic0.o)
                0x0000000020405488                __metal_plic0_set_threshold
 .text.__metal_plic0_get_threshold
                0x00000000204054c0       0x2c /home/hunlu/workspace/freedom-e-sdk/bsp/sifive-hifive1/install/lib/debug//libmetal.a(libriscv__mmachine__sifive-hifive1_a-riscv_plic0.o)
                0x00000000204054c0                __metal_plic0_get_threshold
 .text.__metal_plic0_set_priority
                0x00000000204054ec       0x62 /home/hunlu/workspace/freedom-e-sdk/bsp/sifive-hifive1/install/lib/debug//libmetal.a(libriscv__mmachine__sifive-hifive1_a-riscv_plic0.o)
                0x00000000204054ec                __metal_plic0_set_priority
 .text.__metal_plic0_get_priority
                0x000000002040554e       0x36 /home/hunlu/workspace/freedom-e-sdk/bsp/sifive-hifive1/install/lib/debug//libmetal.a(libriscv__mmachine__sifive-hifive1_a-riscv_plic0.o)
                0x000000002040554e                __metal_plic0_get_priority
 .text.__metal_plic0_enable
                0x0000000020405584       0x8e /home/hunlu/workspace/freedom-e-sdk/bsp/sifive-hifive1/install/lib/debug//libmetal.a(libriscv__mmachine__sifive-hifive1_a-riscv_plic0.o)
                0x0000000020405584                __metal_plic0_enable
 .text.__metal_plic0_default_handler
                0x0000000020405612       0x18 /home/hunlu/workspace/freedom-e-sdk/bsp/sifive-hifive1/install/lib/debug//libmetal.a(libriscv__mmachine__sifive-hifive1_a-riscv_plic0.o)
                0x0000000020405612                __metal_plic0_default_handler
 .text.__metal_plic0_handler
                0x000000002040562a       0x94 /home/hunlu/workspace/freedom-e-sdk/bsp/sifive-hifive1/install/lib/debug//libmetal.a(libriscv__mmachine__sifive-hifive1_a-riscv_plic0.o)
                0x000000002040562a                __metal_plic0_handler
 .text.__metal_driver_riscv_plic0_init
                0x00000000204056be      0x146 /home/hunlu/workspace/freedom-e-sdk/bsp/sifive-hifive1/install/lib/debug//libmetal.a(libriscv__mmachine__sifive-hifive1_a-riscv_plic0.o)
                0x00000000204056be                __metal_driver_riscv_plic0_init
 .text.__metal_driver_riscv_plic0_register
                0x0000000020405804       0xc2 /home/hunlu/workspace/freedom-e-sdk/bsp/sifive-hifive1/install/lib/debug//libmetal.a(libriscv__mmachine__sifive-hifive1_a-riscv_plic0.o)
                0x0000000020405804                __metal_driver_riscv_plic0_register
 .text.__metal_driver_riscv_plic0_enable
                0x00000000204058c6       0x48 /home/hunlu/workspace/freedom-e-sdk/bsp/sifive-hifive1/install/lib/debug//libmetal.a(libriscv__mmachine__sifive-hifive1_a-riscv_plic0.o)
                0x00000000204058c6                __metal_driver_riscv_plic0_enable
 .text.__metal_driver_riscv_plic0_disable
                0x000000002040590e       0x48 /home/hunlu/workspace/freedom-e-sdk/bsp/sifive-hifive1/install/lib/debug//libmetal.a(libriscv__mmachine__sifive-hifive1_a-riscv_plic0.o)
                0x000000002040590e                __metal_driver_riscv_plic0_disable
 .text.__metal_driver_sifive_fe310_g000_hfrosc_ref
                0x0000000020405956       0x1a /home/hunlu/workspace/freedom-e-sdk/bsp/sifive-hifive1/install/lib/debug//libmetal.a(libriscv__mmachine__sifive-hifive1_a-sifive_fe310-g000_hfrosc.o)
 .text.__metal_driver_sifive_fe310_g000_hfrosc_config_base
                0x0000000020405970       0x16 /home/hunlu/workspace/freedom-e-sdk/bsp/sifive-hifive1/install/lib/debug//libmetal.a(libriscv__mmachine__sifive-hifive1_a-sifive_fe310-g000_hfrosc.o)
 .text.__metal_driver_sifive_fe310_g000_hfrosc_config_offset
                0x0000000020405986       0x14 /home/hunlu/workspace/freedom-e-sdk/bsp/sifive-hifive1/install/lib/debug//libmetal.a(libriscv__mmachine__sifive-hifive1_a-sifive_fe310-g000_hfrosc.o)
 .text.__metal_driver_sifive_fe310_g000_prci_vtable
                0x000000002040599a       0x12 /home/hunlu/workspace/freedom-e-sdk/bsp/sifive-hifive1/install/lib/debug//libmetal.a(libriscv__mmachine__sifive-hifive1_a-sifive_fe310-g000_hfrosc.o)
 .text.__metal_driver_sifive_fe310_g000_hfrosc_get_rate_hz
                0x00000000204059ac       0x84 /home/hunlu/workspace/freedom-e-sdk/bsp/sifive-hifive1/install/lib/debug//libmetal.a(libriscv__mmachine__sifive-hifive1_a-sifive_fe310-g000_hfrosc.o)
                0x00000000204059ac                __metal_driver_sifive_fe310_g000_hfrosc_get_rate_hz
 .text.__metal_driver_sifive_fe310_g000_hfrosc_set_rate_hz
                0x0000000020405a30       0x22 /home/hunlu/workspace/freedom-e-sdk/bsp/sifive-hifive1/install/lib/debug//libmetal.a(libriscv__mmachine__sifive-hifive1_a-sifive_fe310-g000_hfrosc.o)
                0x0000000020405a30                __metal_driver_sifive_fe310_g000_hfrosc_set_rate_hz
 .text.__metal_driver_sifive_fe310_g000_hfxosc_ref
                0x0000000020405a52       0x1a /home/hunlu/workspace/freedom-e-sdk/bsp/sifive-hifive1/install/lib/debug//libmetal.a(libriscv__mmachine__sifive-hifive1_a-sifive_fe310-g000_hfxosc.o)
 .text.__metal_driver_sifive_fe310_g000_hfxosc_config_base
                0x0000000020405a6c       0x16 /home/hunlu/workspace/freedom-e-sdk/bsp/sifive-hifive1/install/lib/debug//libmetal.a(libriscv__mmachine__sifive-hifive1_a-sifive_fe310-g000_hfxosc.o)
 .text.__metal_driver_sifive_fe310_g000_hfxosc_config_offset
                0x0000000020405a82       0x14 /home/hunlu/workspace/freedom-e-sdk/bsp/sifive-hifive1/install/lib/debug//libmetal.a(libriscv__mmachine__sifive-hifive1_a-sifive_fe310-g000_hfxosc.o)
 .text.__metal_driver_sifive_fe310_g000_prci_vtable
                0x0000000020405a96       0x12 /home/hunlu/workspace/freedom-e-sdk/bsp/sifive-hifive1/install/lib/debug//libmetal.a(libriscv__mmachine__sifive-hifive1_a-sifive_fe310-g000_hfxosc.o)
 .text.__metal_driver_sifive_fe310_g000_hfxosc_get_rate_hz
                0x0000000020405aa8       0x74 /home/hunlu/workspace/freedom-e-sdk/bsp/sifive-hifive1/install/lib/debug//libmetal.a(libriscv__mmachine__sifive-hifive1_a-sifive_fe310-g000_hfxosc.o)
                0x0000000020405aa8                __metal_driver_sifive_fe310_g000_hfxosc_get_rate_hz
 .text.__metal_driver_sifive_fe310_g000_hfxosc_set_rate_hz
                0x0000000020405b1c       0x22 /home/hunlu/workspace/freedom-e-sdk/bsp/sifive-hifive1/install/lib/debug//libmetal.a(libriscv__mmachine__sifive-hifive1_a-sifive_fe310-g000_hfxosc.o)
                0x0000000020405b1c                __metal_driver_sifive_fe310_g000_hfxosc_set_rate_hz
 .text.__metal_driver_sifive_fe310_g000_pll_pllsel0
                0x0000000020405b3e       0x1a /home/hunlu/workspace/freedom-e-sdk/bsp/sifive-hifive1/install/lib/debug//libmetal.a(libriscv__mmachine__sifive-hifive1_a-sifive_fe310-g000_pll.o)
 .text.__metal_driver_sifive_fe310_g000_pll_pllref
                0x0000000020405b58       0x1a /home/hunlu/workspace/freedom-e-sdk/bsp/sifive-hifive1/install/lib/debug//libmetal.a(libriscv__mmachine__sifive-hifive1_a-sifive_fe310-g000_pll.o)
 .text.__metal_driver_sifive_fe310_g000_pll_divider_base
                0x0000000020405b72       0x16 /home/hunlu/workspace/freedom-e-sdk/bsp/sifive-hifive1/install/lib/debug//libmetal.a(libriscv__mmachine__sifive-hifive1_a-sifive_fe310-g000_pll.o)
 .text.__metal_driver_sifive_fe310_g000_pll_divider_offset
                0x0000000020405b88       0x14 /home/hunlu/workspace/freedom-e-sdk/bsp/sifive-hifive1/install/lib/debug//libmetal.a(libriscv__mmachine__sifive-hifive1_a-sifive_fe310-g000_pll.o)
 .text.__metal_driver_sifive_fe310_g000_pll_config_base
                0x0000000020405b9c       0x12 /home/hunlu/workspace/freedom-e-sdk/bsp/sifive-hifive1/install/lib/debug//libmetal.a(libriscv__mmachine__sifive-hifive1_a-sifive_fe310-g000_pll.o)
 .text.__metal_driver_sifive_fe310_g000_pll_config_offset
                0x0000000020405bae       0x10 /home/hunlu/workspace/freedom-e-sdk/bsp/sifive-hifive1/install/lib/debug//libmetal.a(libriscv__mmachine__sifive-hifive1_a-sifive_fe310-g000_pll.o)
 .text.__metal_driver_sifive_fe310_g000_pll_init_rate
                0x0000000020405bbe       0x16 /home/hunlu/workspace/freedom-e-sdk/bsp/sifive-hifive1/install/lib/debug//libmetal.a(libriscv__mmachine__sifive-hifive1_a-sifive_fe310-g000_pll.o)
 .text.__metal_driver_sifive_fe310_g000_prci_base
                0x0000000020405bd4       0x12 /home/hunlu/workspace/freedom-e-sdk/bsp/sifive-hifive1/install/lib/debug//libmetal.a(libriscv__mmachine__sifive-hifive1_a-sifive_fe310-g000_pll.o)
 .text.__metal_driver_sifive_fe310_g000_prci_vtable
                0x0000000020405be6       0x12 /home/hunlu/workspace/freedom-e-sdk/bsp/sifive-hifive1/install/lib/debug//libmetal.a(libriscv__mmachine__sifive-hifive1_a-sifive_fe310-g000_pll.o)
 .text.get_pll_config_freq
                0x0000000020405bf8       0x4e /home/hunlu/workspace/freedom-e-sdk/bsp/sifive-hifive1/install/lib/debug//libmetal.a(libriscv__mmachine__sifive-hifive1_a-sifive_fe310-g000_pll.o)
 .text.metal_sifive_fe310_g000_pll_init
                0x0000000020405c46       0x28 /home/hunlu/workspace/freedom-e-sdk/bsp/sifive-hifive1/install/lib/debug//libmetal.a(libriscv__mmachine__sifive-hifive1_a-sifive_fe310-g000_pll.o)
 .text.__metal_driver_sifive_fe310_g000_pll_init
                0x0000000020405c6e       0xa6 /home/hunlu/workspace/freedom-e-sdk/bsp/sifive-hifive1/install/lib/debug//libmetal.a(libriscv__mmachine__sifive-hifive1_a-sifive_fe310-g000_pll.o)
                0x0000000020405c6e                __metal_driver_sifive_fe310_g000_pll_init
 .text.__metal_driver_sifive_fe310_g000_pll_get_rate_hz
                0x0000000020405d14      0x17e /home/hunlu/workspace/freedom-e-sdk/bsp/sifive-hifive1/install/lib/debug//libmetal.a(libriscv__mmachine__sifive-hifive1_a-sifive_fe310-g000_pll.o)
                0x0000000020405d14                __metal_driver_sifive_fe310_g000_pll_get_rate_hz
 .text.find_closest_config
                0x0000000020405e92       0xac /home/hunlu/workspace/freedom-e-sdk/bsp/sifive-hifive1/install/lib/debug//libmetal.a(libriscv__mmachine__sifive-hifive1_a-sifive_fe310-g000_pll.o)
 .text.configure_pll
                0x0000000020405f3e      0x132 /home/hunlu/workspace/freedom-e-sdk/bsp/sifive-hifive1/install/lib/debug//libmetal.a(libriscv__mmachine__sifive-hifive1_a-sifive_fe310-g000_pll.o)
 .text.__metal_driver_sifive_fe310_g000_pll_set_rate_hz
                0x0000000020406070      0x166 /home/hunlu/workspace/freedom-e-sdk/bsp/sifive-hifive1/install/lib/debug//libmetal.a(libriscv__mmachine__sifive-hifive1_a-sifive_fe310-g000_pll.o)
                0x0000000020406070                __metal_driver_sifive_fe310_g000_pll_set_rate_hz
 .text.use_hfxosc
                0x00000000204061d6       0x2a /home/hunlu/workspace/freedom-e-sdk/bsp/sifive-hifive1/install/lib/debug//libmetal.a(libriscv__mmachine__sifive-hifive1_a-sifive_fe310-g000_pll.o)
 .text.__metal_driver_sifive_fe310_g000_prci_base
                0x0000000020406200       0x12 /home/hunlu/workspace/freedom-e-sdk/bsp/sifive-hifive1/install/lib/debug//libmetal.a(libriscv__mmachine__sifive-hifive1_a-sifive_fe310-g000_prci.o)
 .text.__metal_driver_sifive_fe310_g000_prci_get_reg
                0x0000000020406212       0x2e /home/hunlu/workspace/freedom-e-sdk/bsp/sifive-hifive1/install/lib/debug//libmetal.a(libriscv__mmachine__sifive-hifive1_a-sifive_fe310-g000_prci.o)
                0x0000000020406212                __metal_driver_sifive_fe310_g000_prci_get_reg
 .text.__metal_driver_sifive_fe310_g000_prci_set_reg
                0x0000000020406240       0x38 /home/hunlu/workspace/freedom-e-sdk/bsp/sifive-hifive1/install/lib/debug//libmetal.a(libriscv__mmachine__sifive-hifive1_a-sifive_fe310-g000_prci.o)
                0x0000000020406240                __metal_driver_sifive_fe310_g000_prci_set_reg
 .text.__metal_driver_sifive_gpio0_base
                0x0000000020406278       0x26 /home/hunlu/workspace/freedom-e-sdk/bsp/sifive-hifive1/install/lib/debug//libmetal.a(libriscv__mmachine__sifive-hifive1_a-sifive_gpio0.o)
 .text.__metal_driver_sifive_gpio0_interrupt_parent
                0x000000002040629e       0x2a /home/hunlu/workspace/freedom-e-sdk/bsp/sifive-hifive1/install/lib/debug//libmetal.a(libriscv__mmachine__sifive-hifive1_a-sifive_gpio0.o)
 .text.__metal_driver_sifive_gpio0_interrupt_lines
                0x00000000204062c8      0x1b4 /home/hunlu/workspace/freedom-e-sdk/bsp/sifive-hifive1/install/lib/debug//libmetal.a(libriscv__mmachine__sifive-hifive1_a-sifive_gpio0.o)
 .text.__metal_driver_sifive_gpio0_enable_input
                0x000000002040647c       0x40 /home/hunlu/workspace/freedom-e-sdk/bsp/sifive-hifive1/install/lib/debug//libmetal.a(libriscv__mmachine__sifive-hifive1_a-sifive_gpio0.o)
                0x000000002040647c                __metal_driver_sifive_gpio0_enable_input
 .text.__metal_driver_sifive_gpio0_disable_input
                0x00000000204064bc       0x46 /home/hunlu/workspace/freedom-e-sdk/bsp/sifive-hifive1/install/lib/debug//libmetal.a(libriscv__mmachine__sifive-hifive1_a-sifive_gpio0.o)
                0x00000000204064bc                __metal_driver_sifive_gpio0_disable_input
 .text.__metal_driver_sifive_gpio0_input
                0x0000000020406502       0x2a /home/hunlu/workspace/freedom-e-sdk/bsp/sifive-hifive1/install/lib/debug//libmetal.a(libriscv__mmachine__sifive-hifive1_a-sifive_gpio0.o)
                0x0000000020406502                __metal_driver_sifive_gpio0_input
 .text.__metal_driver_sifive_gpio0_output
                0x000000002040652c       0x2c /home/hunlu/workspace/freedom-e-sdk/bsp/sifive-hifive1/install/lib/debug//libmetal.a(libriscv__mmachine__sifive-hifive1_a-sifive_gpio0.o)
                0x000000002040652c                __metal_driver_sifive_gpio0_output
 .text.__metal_driver_sifive_gpio0_disable_output
                0x0000000020406558       0x46 /home/hunlu/workspace/freedom-e-sdk/bsp/sifive-hifive1/install/lib/debug//libmetal.a(libriscv__mmachine__sifive-hifive1_a-sifive_gpio0.o)
                0x0000000020406558                __metal_driver_sifive_gpio0_disable_output
 .text.__metal_driver_sifive_gpio0_enable_output
                0x000000002040659e       0x40 /home/hunlu/workspace/freedom-e-sdk/bsp/sifive-hifive1/install/lib/debug//libmetal.a(libriscv__mmachine__sifive-hifive1_a-sifive_gpio0.o)
                0x000000002040659e                __metal_driver_sifive_gpio0_enable_output
 .text.__metal_driver_sifive_gpio0_output_set
                0x00000000204065de       0x40 /home/hunlu/workspace/freedom-e-sdk/bsp/sifive-hifive1/install/lib/debug//libmetal.a(libriscv__mmachine__sifive-hifive1_a-sifive_gpio0.o)
                0x00000000204065de                __metal_driver_sifive_gpio0_output_set
 .text.__metal_driver_sifive_gpio0_output_clear
                0x000000002040661e       0x46 /home/hunlu/workspace/freedom-e-sdk/bsp/sifive-hifive1/install/lib/debug//libmetal.a(libriscv__mmachine__sifive-hifive1_a-sifive_gpio0.o)
                0x000000002040661e                __metal_driver_sifive_gpio0_output_clear
 .text.__metal_driver_sifive_gpio0_output_toggle
                0x0000000020406664       0x40 /home/hunlu/workspace/freedom-e-sdk/bsp/sifive-hifive1/install/lib/debug//libmetal.a(libriscv__mmachine__sifive-hifive1_a-sifive_gpio0.o)
                0x0000000020406664                __metal_driver_sifive_gpio0_output_toggle
 .text.__metal_driver_sifive_gpio0_enable_io
                0x00000000204066a4       0x68 /home/hunlu/workspace/freedom-e-sdk/bsp/sifive-hifive1/install/lib/debug//libmetal.a(libriscv__mmachine__sifive-hifive1_a-sifive_gpio0.o)
                0x00000000204066a4                __metal_driver_sifive_gpio0_enable_io
 .text.__metal_driver_sifive_gpio0_disable_io
                0x000000002040670c       0x4a /home/hunlu/workspace/freedom-e-sdk/bsp/sifive-hifive1/install/lib/debug//libmetal.a(libriscv__mmachine__sifive-hifive1_a-sifive_gpio0.o)
                0x000000002040670c                __metal_driver_sifive_gpio0_disable_io
 .text.__metal_driver_sifive_gpio0_config_int
                0x0000000020406756      0x206 /home/hunlu/workspace/freedom-e-sdk/bsp/sifive-hifive1/install/lib/debug//libmetal.a(libriscv__mmachine__sifive-hifive1_a-sifive_gpio0.o)
                0x0000000020406756                __metal_driver_sifive_gpio0_config_int
 .text.__metal_driver_sifive_gpio0_clear_int
                0x000000002040695c      0x188 /home/hunlu/workspace/freedom-e-sdk/bsp/sifive-hifive1/install/lib/debug//libmetal.a(libriscv__mmachine__sifive-hifive1_a-sifive_gpio0.o)
                0x000000002040695c                __metal_driver_sifive_gpio0_clear_int
 .text.__metal_driver_gpio_interrupt_controller
                0x0000000020406ae4       0x20 /home/hunlu/workspace/freedom-e-sdk/bsp/sifive-hifive1/install/lib/debug//libmetal.a(libriscv__mmachine__sifive-hifive1_a-sifive_gpio0.o)
                0x0000000020406ae4                __metal_driver_gpio_interrupt_controller
 .text.__metal_driver_gpio_get_interrupt_id
                0x0000000020406b04       0x2e /home/hunlu/workspace/freedom-e-sdk/bsp/sifive-hifive1/install/lib/debug//libmetal.a(libriscv__mmachine__sifive-hifive1_a-sifive_gpio0.o)
                0x0000000020406b04                __metal_driver_gpio_get_interrupt_id
 .text.__metal_driver_sifive_spi0_control_base
                0x0000000020406b32       0x40 /home/hunlu/workspace/freedom-e-sdk/bsp/sifive-hifive1/install/lib/debug//libmetal.a(libriscv__mmachine__sifive-hifive1_a-sifive_spi0.o)
 .text.__metal_driver_sifive_spi0_clock
                0x0000000020406b72       0x48 /home/hunlu/workspace/freedom-e-sdk/bsp/sifive-hifive1/install/lib/debug//libmetal.a(libriscv__mmachine__sifive-hifive1_a-sifive_spi0.o)
 .text.__metal_driver_sifive_spi0_pinmux
                0x0000000020406bba       0x40 /home/hunlu/workspace/freedom-e-sdk/bsp/sifive-hifive1/install/lib/debug//libmetal.a(libriscv__mmachine__sifive-hifive1_a-sifive_spi0.o)
 .text.__metal_driver_sifive_spi0_pinmux_output_selector
                0x0000000020406bfa       0x3e /home/hunlu/workspace/freedom-e-sdk/bsp/sifive-hifive1/install/lib/debug//libmetal.a(libriscv__mmachine__sifive-hifive1_a-sifive_spi0.o)
 .text.__metal_driver_sifive_spi0_pinmux_source_selector
                0x0000000020406c38       0x3e /home/hunlu/workspace/freedom-e-sdk/bsp/sifive-hifive1/install/lib/debug//libmetal.a(libriscv__mmachine__sifive-hifive1_a-sifive_spi0.o)
 .text.configure_spi
                0x0000000020406c76      0x24c /home/hunlu/workspace/freedom-e-sdk/bsp/sifive-hifive1/install/lib/debug//libmetal.a(libriscv__mmachine__sifive-hifive1_a-sifive_spi0.o)
 .text.spi_mode_switch
                0x0000000020406ec2       0x96 /home/hunlu/workspace/freedom-e-sdk/bsp/sifive-hifive1/install/lib/debug//libmetal.a(libriscv__mmachine__sifive-hifive1_a-sifive_spi0.o)
 .text.__metal_driver_sifive_spi0_transfer
                0x0000000020406f58      0x46e /home/hunlu/workspace/freedom-e-sdk/bsp/sifive-hifive1/install/lib/debug//libmetal.a(libriscv__mmachine__sifive-hifive1_a-sifive_spi0.o)
                0x0000000020406f58                __metal_driver_sifive_spi0_transfer
 .text.__metal_driver_sifive_spi0_get_baud_rate
                0x00000000204073c6       0x20 /home/hunlu/workspace/freedom-e-sdk/bsp/sifive-hifive1/install/lib/debug//libmetal.a(libriscv__mmachine__sifive-hifive1_a-sifive_spi0.o)
                0x00000000204073c6                __metal_driver_sifive_spi0_get_baud_rate
 .text.__metal_driver_sifive_spi0_set_baud_rate
                0x00000000204073e6       0xaa /home/hunlu/workspace/freedom-e-sdk/bsp/sifive-hifive1/install/lib/debug//libmetal.a(libriscv__mmachine__sifive-hifive1_a-sifive_spi0.o)
                0x00000000204073e6                __metal_driver_sifive_spi0_set_baud_rate
 .text.pre_rate_change_callback_func
                0x0000000020407490       0x62 /home/hunlu/workspace/freedom-e-sdk/bsp/sifive-hifive1/install/lib/debug//libmetal.a(libriscv__mmachine__sifive-hifive1_a-sifive_spi0.o)
 .text.post_rate_change_callback_func
                0x00000000204074f2       0x30 /home/hunlu/workspace/freedom-e-sdk/bsp/sifive-hifive1/install/lib/debug//libmetal.a(libriscv__mmachine__sifive-hifive1_a-sifive_spi0.o)
 .text.__metal_driver_sifive_spi0_init
                0x0000000020407522       0xd2 /home/hunlu/workspace/freedom-e-sdk/bsp/sifive-hifive1/install/lib/debug//libmetal.a(libriscv__mmachine__sifive-hifive1_a-sifive_spi0.o)
                0x0000000020407522                __metal_driver_sifive_spi0_init
 .text.__metal_driver_sifive_uart0_control_base
                0x00000000204075f4       0x2a /home/hunlu/workspace/freedom-e-sdk/bsp/sifive-hifive1/install/lib/debug//libmetal.a(libriscv__mmachine__sifive-hifive1_a-sifive_uart0.o)
 .text.__metal_driver_sifive_uart0_interrupt_parent
                0x000000002040761e       0x2e /home/hunlu/workspace/freedom-e-sdk/bsp/sifive-hifive1/install/lib/debug//libmetal.a(libriscv__mmachine__sifive-hifive1_a-sifive_uart0.o)
 .text.__metal_driver_sifive_uart0_interrupt_line
                0x000000002040764c       0x28 /home/hunlu/workspace/freedom-e-sdk/bsp/sifive-hifive1/install/lib/debug//libmetal.a(libriscv__mmachine__sifive-hifive1_a-sifive_uart0.o)
 .text.__metal_driver_sifive_uart0_clock
                0x0000000020407674       0x2e /home/hunlu/workspace/freedom-e-sdk/bsp/sifive-hifive1/install/lib/debug//libmetal.a(libriscv__mmachine__sifive-hifive1_a-sifive_uart0.o)
 .text.__metal_driver_sifive_uart0_pinmux
                0x00000000204076a2       0x2a /home/hunlu/workspace/freedom-e-sdk/bsp/sifive-hifive1/install/lib/debug//libmetal.a(libriscv__mmachine__sifive-hifive1_a-sifive_uart0.o)
 .text.__metal_driver_sifive_uart0_pinmux_output_selector
                0x00000000204076cc       0x2a /home/hunlu/workspace/freedom-e-sdk/bsp/sifive-hifive1/install/lib/debug//libmetal.a(libriscv__mmachine__sifive-hifive1_a-sifive_uart0.o)
 .text.__metal_driver_sifive_uart0_pinmux_source_selector
                0x00000000204076f6       0x2a /home/hunlu/workspace/freedom-e-sdk/bsp/sifive-hifive1/install/lib/debug//libmetal.a(libriscv__mmachine__sifive-hifive1_a-sifive_uart0.o)
 .text.__metal_driver_sifive_uart0_interrupt_controller
                0x0000000020407720       0x20 /home/hunlu/workspace/freedom-e-sdk/bsp/sifive-hifive1/install/lib/debug//libmetal.a(libriscv__mmachine__sifive-hifive1_a-sifive_uart0.o)
                0x0000000020407720                __metal_driver_sifive_uart0_interrupt_controller
 .text.__metal_driver_sifive_uart0_get_interrupt_id
                0x0000000020407740       0x24 /home/hunlu/workspace/freedom-e-sdk/bsp/sifive-hifive1/install/lib/debug//libmetal.a(libriscv__mmachine__sifive-hifive1_a-sifive_uart0.o)
                0x0000000020407740                __metal_driver_sifive_uart0_get_interrupt_id
 .text.__metal_driver_sifive_uart0_txready
                0x0000000020407764       0x34 /home/hunlu/workspace/freedom-e-sdk/bsp/sifive-hifive1/install/lib/debug//libmetal.a(libriscv__mmachine__sifive-hifive1_a-sifive_uart0.o)
                0x0000000020407764                __metal_driver_sifive_uart0_txready
 .text.__metal_driver_sifive_uart0_putc
                0x0000000020407798       0x42 /home/hunlu/workspace/freedom-e-sdk/bsp/sifive-hifive1/install/lib/debug//libmetal.a(libriscv__mmachine__sifive-hifive1_a-sifive_uart0.o)
                0x0000000020407798                __metal_driver_sifive_uart0_putc
 .text.__metal_driver_sifive_uart0_getc
                0x00000000204077da       0x56 /home/hunlu/workspace/freedom-e-sdk/bsp/sifive-hifive1/install/lib/debug//libmetal.a(libriscv__mmachine__sifive-hifive1_a-sifive_uart0.o)
                0x00000000204077da                __metal_driver_sifive_uart0_getc
 .text.__metal_driver_sifive_uart0_get_baud_rate
                0x0000000020407830       0x20 /home/hunlu/workspace/freedom-e-sdk/bsp/sifive-hifive1/install/lib/debug//libmetal.a(libriscv__mmachine__sifive-hifive1_a-sifive_uart0.o)
                0x0000000020407830                __metal_driver_sifive_uart0_get_baud_rate
 .text.__metal_driver_sifive_uart0_set_baud_rate
                0x0000000020407850       0xa0 /home/hunlu/workspace/freedom-e-sdk/bsp/sifive-hifive1/install/lib/debug//libmetal.a(libriscv__mmachine__sifive-hifive1_a-sifive_uart0.o)
                0x0000000020407850                __metal_driver_sifive_uart0_set_baud_rate
 .text.pre_rate_change_callback_func
                0x00000000204078f0       0xd8 /home/hunlu/workspace/freedom-e-sdk/bsp/sifive-hifive1/install/lib/debug//libmetal.a(libriscv__mmachine__sifive-hifive1_a-sifive_uart0.o)
 .text.post_rate_change_callback_func
                0x00000000204079c8       0x2e /home/hunlu/workspace/freedom-e-sdk/bsp/sifive-hifive1/install/lib/debug//libmetal.a(libriscv__mmachine__sifive-hifive1_a-sifive_uart0.o)
 .text.__metal_driver_sifive_uart0_init
                0x00000000204079f6       0xd0 /home/hunlu/workspace/freedom-e-sdk/bsp/sifive-hifive1/install/lib/debug//libmetal.a(libriscv__mmachine__sifive-hifive1_a-sifive_uart0.o)
                0x00000000204079f6                __metal_driver_sifive_uart0_init
 .text._metal_clock_call_all_callbacks
                0x0000000020407ac6       0x40 /home/hunlu/workspace/freedom-e-sdk/bsp/sifive-hifive1/install/lib/debug//libmetal.a(libriscv__mmachine__sifive-hifive1_a-clock.o)
                0x0000000020407ac6                _metal_clock_call_all_callbacks
 .text._metal_clock_append_to_callbacks
                0x0000000020407b06       0x54 /home/hunlu/workspace/freedom-e-sdk/bsp/sifive-hifive1/install/lib/debug//libmetal.a(libriscv__mmachine__sifive-hifive1_a-clock.o)
                0x0000000020407b06                _metal_clock_append_to_callbacks
 .text.metal_clock_get_rate_hz
                0x0000000020407b5a       0x26 /home/hunlu/workspace/freedom-e-sdk/bsp/sifive-hifive1/install/lib/debug//libmetal.a(libriscv__mmachine__sifive-hifive1_a-clock.o)
                0x0000000020407b5a                metal_clock_get_rate_hz
 .text.metal_clock_set_rate_hz
                0x0000000020407b80       0x4c /home/hunlu/workspace/freedom-e-sdk/bsp/sifive-hifive1/install/lib/debug//libmetal.a(libriscv__mmachine__sifive-hifive1_a-clock.o)
                0x0000000020407b80                metal_clock_set_rate_hz
 .text.metal_clock_register_pre_rate_change_callback
                0x0000000020407bcc       0x32 /home/hunlu/workspace/freedom-e-sdk/bsp/sifive-hifive1/install/lib/debug//libmetal.a(libriscv__mmachine__sifive-hifive1_a-clock.o)
                0x0000000020407bcc                metal_clock_register_pre_rate_change_callback
 .text.metal_clock_register_post_rate_change_callback
                0x0000000020407bfe       0x32 /home/hunlu/workspace/freedom-e-sdk/bsp/sifive-hifive1/install/lib/debug//libmetal.a(libriscv__mmachine__sifive-hifive1_a-clock.o)
                0x0000000020407bfe                metal_clock_register_post_rate_change_callback
 .text.metal_cpu_get_timer
                0x0000000020407c30       0x2a /home/hunlu/workspace/freedom-e-sdk/bsp/sifive-hifive1/install/lib/debug//libmetal.a(libriscv__mmachine__sifive-hifive1_a-cpu.o)
                0x0000000020407c30                metal_cpu_get_timer
 .text.metal_cpu_get_timebase
                0x0000000020407c5a       0x2a /home/hunlu/workspace/freedom-e-sdk/bsp/sifive-hifive1/install/lib/debug//libmetal.a(libriscv__mmachine__sifive-hifive1_a-cpu.o)
                0x0000000020407c5a                metal_cpu_get_timebase
 .text.metal_cpu_interrupt_controller
                0x0000000020407c84       0x26 /home/hunlu/workspace/freedom-e-sdk/bsp/sifive-hifive1/install/lib/debug//libmetal.a(libriscv__mmachine__sifive-hifive1_a-cpu.o)
                0x0000000020407c84                metal_cpu_interrupt_controller
 .text.metal_cpu_get
                0x0000000020407caa       0x2e /home/hunlu/workspace/freedom-e-sdk/bsp/sifive-hifive1/install/lib/debug//libmetal.a(libriscv__mmachine__sifive-hifive1_a-cpu.o)
                0x0000000020407caa                metal_cpu_get
 .text.metal_cpu_get_current_hartid
                0x0000000020407cd8       0x1a /home/hunlu/workspace/freedom-e-sdk/bsp/sifive-hifive1/install/lib/debug//libmetal.a(libriscv__mmachine__sifive-hifive1_a-cpu.o)
                0x0000000020407cd8                metal_cpu_get_current_hartid
 .text.metal_gpio_enable_input
                0x0000000020407cf2       0x40 /home/hunlu/workspace/freedom-e-sdk/bsp/sifive-hifive1/install/lib/debug//libmetal.a(libriscv__mmachine__sifive-hifive1_a-gpio.o)
                0x0000000020407cf2                metal_gpio_enable_input
 .text.metal_gpio_disable_input
                0x0000000020407d32       0x40 /home/hunlu/workspace/freedom-e-sdk/bsp/sifive-hifive1/install/lib/debug//libmetal.a(libriscv__mmachine__sifive-hifive1_a-gpio.o)
                0x0000000020407d32                metal_gpio_disable_input
 .text.metal_gpio_enable_output
                0x0000000020407d72       0x40 /home/hunlu/workspace/freedom-e-sdk/bsp/sifive-hifive1/install/lib/debug//libmetal.a(libriscv__mmachine__sifive-hifive1_a-gpio.o)
                0x0000000020407d72                metal_gpio_enable_output
 .text.metal_gpio_disable_output
                0x0000000020407db2       0x40 /home/hunlu/workspace/freedom-e-sdk/bsp/sifive-hifive1/install/lib/debug//libmetal.a(libriscv__mmachine__sifive-hifive1_a-gpio.o)
                0x0000000020407db2                metal_gpio_disable_output
 .text.metal_gpio_set_pin
                0x0000000020407df2       0x68 /home/hunlu/workspace/freedom-e-sdk/bsp/sifive-hifive1/install/lib/debug//libmetal.a(libriscv__mmachine__sifive-hifive1_a-gpio.o)
                0x0000000020407df2                metal_gpio_set_pin
 .text.metal_gpio_get_input_pin
                0x0000000020407e5a       0x4e /home/hunlu/workspace/freedom-e-sdk/bsp/sifive-hifive1/install/lib/debug//libmetal.a(libriscv__mmachine__sifive-hifive1_a-gpio.o)
                0x0000000020407e5a                metal_gpio_get_input_pin
 .text.metal_gpio_get_device
                0x0000000020407ea8       0x32 /home/hunlu/workspace/freedom-e-sdk/bsp/sifive-hifive1/install/lib/debug//libmetal.a(libriscv__mmachine__sifive-hifive1_a-gpio.o)
                0x0000000020407ea8                metal_gpio_get_device
 .text.metal_shutdown
                0x0000000020407eda        0xe /home/hunlu/workspace/freedom-e-sdk/bsp/sifive-hifive1/install/lib/debug//libmetal.a(libriscv__mmachine__sifive-hifive1_a-shutdown.o)
                0x0000000020407eda                metal_shutdown
 .text.metal_spi_init
                0x0000000020407ee8       0x2c /home/hunlu/workspace/freedom-e-sdk/bsp/sifive-hifive1/install/lib/debug//libmetal.a(libriscv__mmachine__sifive-hifive1_a-spi.o)
                0x0000000020407ee8                metal_spi_init
 .text.metal_spi_transfer
                0x0000000020407f14       0x46 /home/hunlu/workspace/freedom-e-sdk/bsp/sifive-hifive1/install/lib/debug//libmetal.a(libriscv__mmachine__sifive-hifive1_a-spi.o)
                0x0000000020407f14                metal_spi_transfer
 .text.metal_spi_set_baud_rate
                0x0000000020407f5a       0x2e /home/hunlu/workspace/freedom-e-sdk/bsp/sifive-hifive1/install/lib/debug//libmetal.a(libriscv__mmachine__sifive-hifive1_a-spi.o)
                0x0000000020407f5a                metal_spi_set_baud_rate
 .text.metal_spi_get_device
                0x0000000020407f88       0x32 /home/hunlu/workspace/freedom-e-sdk/bsp/sifive-hifive1/install/lib/debug//libmetal.a(libriscv__mmachine__sifive-hifive1_a-spi.o)
                0x0000000020407f88                metal_spi_get_device
 .text.metal_gettimeofday
                0x0000000020407fba       0xe6 /home/hunlu/workspace/freedom-e-sdk/bsp/sifive-hifive1/install/lib/debug//libmetal.a(libriscv__mmachine__sifive-hifive1_a-time.o)
                0x0000000020407fba                metal_gettimeofday
 .text.metal_time
                0x00000000204080a0       0x3a /home/hunlu/workspace/freedom-e-sdk/bsp/sifive-hifive1/install/lib/debug//libmetal.a(libriscv__mmachine__sifive-hifive1_a-time.o)
                0x00000000204080a0                metal_time
 .text.metal_uart_init
                0x00000000204080da       0x2c /home/hunlu/workspace/freedom-e-sdk/bsp/sifive-hifive1/install/lib/debug//libmetal.a(libriscv__mmachine__sifive-hifive1_a-uart.o)
                0x00000000204080da                metal_uart_init
 .text.metal_uart_putc
                0x0000000020408106       0x2e /home/hunlu/workspace/freedom-e-sdk/bsp/sifive-hifive1/install/lib/debug//libmetal.a(libriscv__mmachine__sifive-hifive1_a-uart.o)
                0x0000000020408106                metal_uart_putc
 .text.metal_uart_set_baud_rate
                0x0000000020408134       0x2e /home/hunlu/workspace/freedom-e-sdk/bsp/sifive-hifive1/install/lib/debug//libmetal.a(libriscv__mmachine__sifive-hifive1_a-uart.o)
                0x0000000020408134                metal_uart_set_baud_rate
 *fill*         0x0000000020408162       0x1e 
 .text          0x0000000020408180       0x80 /home/hunlu/workspace/freedom-e-sdk/bsp/sifive-hifive1/install/lib/debug//libmetal.a(libriscv__mmachine__sifive-hifive1_a-vector.o)
                0x0000000020408180                __metal_vector_table
 .text.__metal_driver_fixed_clock_rate
                0x0000000020408200       0x62 /home/hunlu/workspace/freedom-e-sdk/bsp/sifive-hifive1/install/lib/debug//libmetal.a(libriscv__mmachine__sifive-hifive1_a-fixed-clock.o)
 .text.__metal_driver_fixed_clock_get_rate_hz
                0x0000000020408262       0x20 /home/hunlu/workspace/freedom-e-sdk/bsp/sifive-hifive1/install/lib/debug//libmetal.a(libriscv__mmachine__sifive-hifive1_a-fixed-clock.o)
                0x0000000020408262                __metal_driver_fixed_clock_get_rate_hz
 .text.__metal_driver_fixed_clock_set_rate_hz
                0x0000000020408282       0x24 /home/hunlu/workspace/freedom-e-sdk/bsp/sifive-hifive1/install/lib/debug//libmetal.a(libriscv__mmachine__sifive-hifive1_a-fixed-clock.o)
                0x0000000020408282                __metal_driver_fixed_clock_set_rate_hz
 .text.metal_timer_get_cyclecount
                0x00000000204082a6       0x4a /home/hunlu/workspace/freedom-e-sdk/bsp/sifive-hifive1/install/lib/debug//libmetal.a(libriscv__mmachine__sifive-hifive1_a-timer.o)
                0x00000000204082a6                metal_timer_get_cyclecount
 .text.metal_timer_get_timebase_frequency
                0x00000000204082f0       0x4a /home/hunlu/workspace/freedom-e-sdk/bsp/sifive-hifive1/install/lib/debug//libmetal.a(libriscv__mmachine__sifive-hifive1_a-timer.o)
                0x00000000204082f0                metal_timer_get_timebase_frequency
 .text._close   0x000000002040833a       0x22 /home/hunlu/workspace/freedom-e-sdk/bsp/sifive-hifive1/install/lib/debug//libmetal-gloss.a(sys_close.o)
                0x000000002040833a                _close
 .text._fstat   0x000000002040835c       0x26 /home/hunlu/workspace/freedom-e-sdk/bsp/sifive-hifive1/install/lib/debug//libmetal-gloss.a(sys_fstat.o)
                0x000000002040835c                _fstat
 .text._isatty  0x0000000020408382       0x20 /home/hunlu/workspace/freedom-e-sdk/bsp/sifive-hifive1/install/lib/debug//libmetal-gloss.a(sys_isatty.o)
                0x0000000020408382                _isatty
 .text._lseek   0x00000000204083a2       0x2a /home/hunlu/workspace/freedom-e-sdk/bsp/sifive-hifive1/install/lib/debug//libmetal-gloss.a(sys_lseek.o)
                0x00000000204083a2                _lseek
 .text._read    0x00000000204083cc       0x2a /home/hunlu/workspace/freedom-e-sdk/bsp/sifive-hifive1/install/lib/debug//libmetal-gloss.a(sys_read.o)
                0x00000000204083cc                _read
 .text._sbrk    0x00000000204083f6       0x6a /home/hunlu/workspace/freedom-e-sdk/bsp/sifive-hifive1/install/lib/debug//libmetal-gloss.a(sys_sbrk.o)
                0x00000000204083f6                _sbrk
 .text._write   0x0000000020408460       0x70 /home/hunlu/workspace/freedom-e-sdk/bsp/sifive-hifive1/install/lib/debug//libmetal-gloss.a(sys_write.o)
                0x0000000020408460                _write
 .text.atexit   0x00000000204084d0        0xa /home/hunlu/riscv64-unknown-elf-gcc-8.3.0-2019.08.0-x86_64-linux-ubuntu14/bin/../lib/gcc/riscv64-unknown-elf/8.3.0/../../../../riscv64-unknown-elf/lib/rv32imac/ilp32/libc_nano.a(lib_a-atexit.o)
                0x00000000204084d0                atexit
 .text.__errno  0x00000000204084da        0x8 /home/hunlu/riscv64-unknown-elf-gcc-8.3.0-2019.08.0-x86_64-linux-ubuntu14/bin/../lib/gcc/riscv64-unknown-elf/8.3.0/../../../../riscv64-unknown-elf/lib/rv32imac/ilp32/libc_nano.a(lib_a-errno.o)
                0x00000000204084da                __errno
 .text.exit     0x00000000204084e2       0x28 /home/hunlu/riscv64-unknown-elf-gcc-8.3.0-2019.08.0-x86_64-linux-ubuntu14/bin/../lib/gcc/riscv64-unknown-elf/8.3.0/../../../../riscv64-unknown-elf/lib/rv32imac/ilp32/libc_nano.a(lib_a-exit.o)
                0x00000000204084e2                exit
 .text.__libc_fini_array
                0x000000002040850a       0x38 /home/hunlu/riscv64-unknown-elf-gcc-8.3.0-2019.08.0-x86_64-linux-ubuntu14/bin/../lib/gcc/riscv64-unknown-elf/8.3.0/../../../../riscv64-unknown-elf/lib/rv32imac/ilp32/libc_nano.a(lib_a-fini.o)
                0x000000002040850a                __libc_fini_array
 .text.__libc_init_array
                0x0000000020408542       0x6a /home/hunlu/riscv64-unknown-elf-gcc-8.3.0-2019.08.0-x86_64-linux-ubuntu14/bin/../lib/gcc/riscv64-unknown-elf/8.3.0/../../../../riscv64-unknown-elf/lib/rv32imac/ilp32/libc_nano.a(lib_a-init.o)
                0x0000000020408542                __libc_init_array
 .text.__register_exitproc
                0x00000000204085ac       0x88 /home/hunlu/riscv64-unknown-elf-gcc-8.3.0-2019.08.0-x86_64-linux-ubuntu14/bin/../lib/gcc/riscv64-unknown-elf/8.3.0/../../../../riscv64-unknown-elf/lib/rv32imac/ilp32/libc_nano.a(lib_a-__atexit.o)
                0x00000000204085ac                __register_exitproc
 .text.__call_exitprocs
                0x0000000020408634       0xc8 /home/hunlu/riscv64-unknown-elf-gcc-8.3.0-2019.08.0-x86_64-linux-ubuntu14/bin/../lib/gcc/riscv64-unknown-elf/8.3.0/../../../../riscv64-unknown-elf/lib/rv32imac/ilp32/libc_nano.a(lib_a-__call_atexit.o)
                0x0000000020408634                __call_exitprocs
 .text          0x00000000204086fc      0x35e /home/hunlu/riscv64-unknown-elf-gcc-8.3.0-2019.08.0-x86_64-linux-ubuntu14/bin/../lib/gcc/riscv64-unknown-elf/8.3.0/rv32imac/ilp32/libgcc.a(_udivdi3.o)
                0x00000000204086fc                __udivdi3
 .text          0x0000000020408a5a      0x352 /home/hunlu/riscv64-unknown-elf-gcc-8.3.0-2019.08.0-x86_64-linux-ubuntu14/bin/../lib/gcc/riscv64-unknown-elf/8.3.0/rv32imac/ilp32/libgcc.a(_umoddi3.o)
                0x0000000020408a5a                __umoddi3
 .text.metal_tty_putc
                0x0000000020408dac       0x2c /home/hunlu/workspace/freedom-e-sdk/bsp/sifive-hifive1/install/lib/debug//libmetal.a(libriscv__mmachine__sifive-hifive1_a-tty.o)
                0x0000000020408dac                metal_tty_putc
 .text.metal_tty_putc_raw
                0x0000000020408dd8       0x28 /home/hunlu/workspace/freedom-e-sdk/bsp/sifive-hifive1/install/lib/debug//libmetal.a(libriscv__mmachine__sifive-hifive1_a-tty.o)
                0x0000000020408dd8                metal_tty_putc_raw
 .text.metal_tty_init
                0x0000000020408e00       0x24 /home/hunlu/workspace/freedom-e-sdk/bsp/sifive-hifive1/install/lib/debug//libmetal.a(libriscv__mmachine__sifive-hifive1_a-tty.o)
 .text._exit    0x0000000020408e24       0x14 /home/hunlu/workspace/freedom-e-sdk/bsp/sifive-hifive1/install/lib/debug//libmetal-gloss.a(sys_exit.o)
                0x0000000020408e24                _exit
 *(.gnu.linkonce.t.*)
                [!provide]                        PROVIDE (__etext = .)
                [!provide]                        PROVIDE (_etext = .)
                [!provide]                        PROVIDE (etext = .)

.rodata         0x0000000020408e38    0x3d508
 *(.rdata)
 *(.rodata .rodata.*)
 .rodata.w_0_weight
                0x0000000020408e38      0x258 /tmp/cck4f70Q.o
                0x0000000020408e38                w_0_weight
 .rodata.w_0_bias
                0x0000000020409090       0x18 /tmp/cck4f70Q.o
                0x0000000020409090                w_0_bias
 .rodata.w_0_weight_2d
                0x00000000204090a8       0x18 /tmp/cck4f70Q.o
                0x00000000204090a8                w_0_weight_2d
 .rodata.w_3_weight
                0x00000000204090c0     0x2580 /tmp/cck4f70Q.o
                0x00000000204090c0                w_3_weight
 .rodata.w_3_bias
                0x000000002040b640       0x40 /tmp/cck4f70Q.o
                0x000000002040b640                w_3_bias
 .rodata.w_3_weight_2d
                0x000000002040b680       0x18 /tmp/cck4f70Q.o
                0x000000002040b680                w_3_weight_2d
 .rodata.w_7_weight
                0x000000002040b698    0x2ee00 /tmp/cck4f70Q.o
                0x000000002040b698                w_7_weight
 .rodata.w_7_bias
                0x000000002043a498      0x1e0 /tmp/cck4f70Q.o
                0x000000002043a498                w_7_bias
 .rodata.w_7_weight_2d
                0x000000002043a678       0x18 /tmp/cck4f70Q.o
                0x000000002043a678                w_7_weight_2d
 .rodata.w_9_weight
                0x000000002043a690     0x9d80 /tmp/cck4f70Q.o
                0x000000002043a690                w_9_weight
 .rodata.w_9_bias
                0x0000000020444410      0x150 /tmp/cck4f70Q.o
                0x0000000020444410                w_9_bias
 .rodata.w_9_weight_2d
                0x0000000020444560       0x18 /tmp/cck4f70Q.o
                0x0000000020444560                w_9_weight_2d
 .rodata.w_11_weight
                0x0000000020444578      0xd20 /tmp/cck4f70Q.o
                0x0000000020444578                w_11_weight
 .rodata.w_11_bias
                0x0000000020445298       0x28 /tmp/cck4f70Q.o
                0x0000000020445298                w_11_bias
 .rodata.w_11_weight_2d
                0x00000000204452c0       0x18 /tmp/cck4f70Q.o
                0x00000000204452c0                w_11_weight_2d
 .rodata.OV2640_QVGA
                0x00000000204452d8      0x184 /tmp/cck4f70Q.o
                0x00000000204452d8                OV2640_QVGA
 .rodata        0x000000002044545c       0xe0 /tmp/cck4f70Q.o
 .rodata.__sf_fake_stderr
                0x000000002044553c       0x20 /home/hunlu/riscv64-unknown-elf-gcc-8.3.0-2019.08.0-x86_64-linux-ubuntu14/bin/../lib/gcc/riscv64-unknown-elf/8.3.0/../../../../riscv64-unknown-elf/lib/rv32imac/ilp32/libc_nano.a(lib_a-findfp.o)
                0x000000002044553c                __sf_fake_stderr
 .rodata.__sf_fake_stdin
                0x000000002044555c       0x20 /home/hunlu/riscv64-unknown-elf-gcc-8.3.0-2019.08.0-x86_64-linux-ubuntu14/bin/../lib/gcc/riscv64-unknown-elf/8.3.0/../../../../riscv64-unknown-elf/lib/rv32imac/ilp32/libc_nano.a(lib_a-findfp.o)
                0x000000002044555c                __sf_fake_stdin
 .rodata.__sf_fake_stdout
                0x000000002044557c       0x20 /home/hunlu/riscv64-unknown-elf-gcc-8.3.0-2019.08.0-x86_64-linux-ubuntu14/bin/../lib/gcc/riscv64-unknown-elf/8.3.0/../../../../riscv64-unknown-elf/lib/rv32imac/ilp32/libc_nano.a(lib_a-findfp.o)
                0x000000002044557c                __sf_fake_stdout
 .rodata._vfprintf_r.str1.4
                0x000000002044559c       0x13 /home/hunlu/riscv64-unknown-elf-gcc-8.3.0-2019.08.0-x86_64-linux-ubuntu14/bin/../lib/gcc/riscv64-unknown-elf/8.3.0/../../../../riscv64-unknown-elf/lib/rv32imac/ilp32/libc_nano.a(lib_a-nano-vfprintf.o)
 *fill*         0x00000000204455af        0x1 
 .rodata._printf_i.str1.4
                0x00000000204455b0       0x28 /home/hunlu/riscv64-unknown-elf-gcc-8.3.0-2019.08.0-x86_64-linux-ubuntu14/bin/../lib/gcc/riscv64-unknown-elf/8.3.0/../../../../riscv64-unknown-elf/lib/rv32imac/ilp32/libc_nano.a(lib_a-nano-vfprintf_i.o)
                                         0x25 (size before relaxing)
 .rodata        0x00000000204455d8       0x3c /home/hunlu/riscv64-unknown-elf-gcc-8.3.0-2019.08.0-x86_64-linux-ubuntu14/bin/../lib/gcc/riscv64-unknown-elf/8.3.0/rv32imac/ilp32/libgcc.a(divsf3.o)
 .rodata        0x0000000020445614       0x3c /home/hunlu/riscv64-unknown-elf-gcc-8.3.0-2019.08.0-x86_64-linux-ubuntu14/bin/../lib/gcc/riscv64-unknown-elf/8.3.0/rv32imac/ilp32/libgcc.a(mulsf3.o)
 .rodata        0x0000000020445650      0x100 /home/hunlu/riscv64-unknown-elf-gcc-8.3.0-2019.08.0-x86_64-linux-ubuntu14/bin/../lib/gcc/riscv64-unknown-elf/8.3.0/rv32imac/ilp32/libgcc.a(_clz.o)
                0x0000000020445650                __clz_tab
 .rodata.__metal_driver_vtable_riscv_clint0
                0x0000000020445750       0x4c /home/hunlu/workspace/freedom-e-sdk/bsp/sifive-hifive1/install/lib/debug//libmetal.a(libriscv__mmachine__sifive-hifive1_a-riscv_clint0.o)
                0x0000000020445750                __metal_driver_vtable_riscv_clint0
 .rodata.__metal_controller_interrupt_vector
                0x000000002044579c       0x14 /home/hunlu/workspace/freedom-e-sdk/bsp/sifive-hifive1/install/lib/debug//libmetal.a(libriscv__mmachine__sifive-hifive1_a-riscv_cpu.o)
 .rodata.__metal_valid_interrupt_id
                0x00000000204457b0       0x74 /home/hunlu/workspace/freedom-e-sdk/bsp/sifive-hifive1/install/lib/debug//libmetal.a(libriscv__mmachine__sifive-hifive1_a-riscv_cpu.o)
 .rodata.__metal_local_interrupt_enable
                0x0000000020445824       0x80 /home/hunlu/workspace/freedom-e-sdk/bsp/sifive-hifive1/install/lib/debug//libmetal.a(libriscv__mmachine__sifive-hifive1_a-riscv_cpu.o)
 .rodata.__metal_driver_riscv_cpu_controller_interrupt_register
                0x00000000204458a4       0x74 /home/hunlu/workspace/freedom-e-sdk/bsp/sifive-hifive1/install/lib/debug//libmetal.a(libriscv__mmachine__sifive-hifive1_a-riscv_cpu.o)
 .rodata.__metal_driver_vtable_riscv_cpu_intc
                0x0000000020445918       0x4c /home/hunlu/workspace/freedom-e-sdk/bsp/sifive-hifive1/install/lib/debug//libmetal.a(libriscv__mmachine__sifive-hifive1_a-riscv_cpu.o)
                0x0000000020445918                __metal_driver_vtable_riscv_cpu_intc
 .rodata.__metal_driver_vtable_cpu
                0x0000000020445964       0x40 /home/hunlu/workspace/freedom-e-sdk/bsp/sifive-hifive1/install/lib/debug//libmetal.a(libriscv__mmachine__sifive-hifive1_a-riscv_cpu.o)
                0x0000000020445964                __metal_driver_vtable_cpu
 .rodata.__metal_driver_vtable_riscv_plic0
                0x00000000204459a4       0x4c /home/hunlu/workspace/freedom-e-sdk/bsp/sifive-hifive1/install/lib/debug//libmetal.a(libriscv__mmachine__sifive-hifive1_a-riscv_plic0.o)
                0x00000000204459a4                __metal_driver_vtable_riscv_plic0
 .rodata.pll_configs
                0x00000000204459f0      0x880 /home/hunlu/workspace/freedom-e-sdk/bsp/sifive-hifive1/install/lib/debug//libmetal.a(libriscv__mmachine__sifive-hifive1_a-sifive_fe310-g000_pll.o)
 .rodata.__metal_driver_vtable_sifive_fe310_g000_pll
                0x0000000020446270        0xc /home/hunlu/workspace/freedom-e-sdk/bsp/sifive-hifive1/install/lib/debug//libmetal.a(libriscv__mmachine__sifive-hifive1_a-sifive_fe310-g000_pll.o)
                0x0000000020446270                __metal_driver_vtable_sifive_fe310_g000_pll
 .rodata.__metal_driver_sifive_gpio0_config_int